Archive member included to satisfy reference by file (symbol)

/usr/lib/gcc/arm-none-eabi/13.2.1/../../../arm-none-eabi/lib/thumb/v7-m/nofp/libm.a(libm_a-s_sin.o)
                              ./output/main.o (sin)
/usr/lib/gcc/arm-none-eabi/13.2.1/../../../arm-none-eabi/lib/thumb/v7-m/nofp/libm.a(libm_a-e_rem_pio2.o)
                              /usr/lib/gcc/arm-none-eabi/13.2.1/../../../arm-none-eabi/lib/thumb/v7-m/nofp/libm.a(libm_a-s_sin.o) (__ieee754_rem_pio2)
/usr/lib/gcc/arm-none-eabi/13.2.1/../../../arm-none-eabi/lib/thumb/v7-m/nofp/libm.a(libm_a-k_rem_pio2.o)
                              /usr/lib/gcc/arm-none-eabi/13.2.1/../../../arm-none-eabi/lib/thumb/v7-m/nofp/libm.a(libm_a-e_rem_pio2.o) (__kernel_rem_pio2)
/usr/lib/gcc/arm-none-eabi/13.2.1/../../../arm-none-eabi/lib/thumb/v7-m/nofp/libm.a(libm_a-s_scalbn.o)
                              /usr/lib/gcc/arm-none-eabi/13.2.1/../../../arm-none-eabi/lib/thumb/v7-m/nofp/libm.a(libm_a-k_rem_pio2.o) (scalbn)
/usr/lib/gcc/arm-none-eabi/13.2.1/../../../arm-none-eabi/lib/thumb/v7-m/nofp/libm.a(libm_a-k_sin.o)
                              /usr/lib/gcc/arm-none-eabi/13.2.1/../../../arm-none-eabi/lib/thumb/v7-m/nofp/libm.a(libm_a-s_sin.o) (__kernel_sin)
/usr/lib/gcc/arm-none-eabi/13.2.1/../../../arm-none-eabi/lib/thumb/v7-m/nofp/libm.a(libm_a-s_floor.o)
                              /usr/lib/gcc/arm-none-eabi/13.2.1/../../../arm-none-eabi/lib/thumb/v7-m/nofp/libm.a(libm_a-k_rem_pio2.o) (floor)
/usr/lib/gcc/arm-none-eabi/13.2.1/../../../arm-none-eabi/lib/thumb/v7-m/nofp/libm.a(libm_a-k_cos.o)
                              /usr/lib/gcc/arm-none-eabi/13.2.1/../../../arm-none-eabi/lib/thumb/v7-m/nofp/libm.a(libm_a-s_sin.o) (__kernel_cos)
/usr/lib/gcc/arm-none-eabi/13.2.1/../../../arm-none-eabi/lib/thumb/v7-m/nofp/libm.a(libm_a-s_fabs.o)
                              /usr/lib/gcc/arm-none-eabi/13.2.1/../../../arm-none-eabi/lib/thumb/v7-m/nofp/libm.a(libm_a-e_rem_pio2.o) (fabs)
/usr/lib/gcc/arm-none-eabi/13.2.1/thumb/v7-m/nofp/libgcc.a(_arm_muldf3.o)
                              ./output/main.o (__aeabi_dmul)
/usr/lib/gcc/arm-none-eabi/13.2.1/thumb/v7-m/nofp/libgcc.a(_arm_addsubdf3.o)
                              ./output/main.o (__aeabi_dsub)
/usr/lib/gcc/arm-none-eabi/13.2.1/thumb/v7-m/nofp/libgcc.a(_arm_muldivdf3.o)
                              ./output/main.o (__aeabi_ddiv)
/usr/lib/gcc/arm-none-eabi/13.2.1/thumb/v7-m/nofp/libgcc.a(_arm_cmpdf2.o)
                              /usr/lib/gcc/arm-none-eabi/13.2.1/../../../arm-none-eabi/lib/thumb/v7-m/nofp/libm.a(libm_a-e_rem_pio2.o) (__aeabi_dcmpeq)
/usr/lib/gcc/arm-none-eabi/13.2.1/thumb/v7-m/nofp/libgcc.a(_arm_fixdfsi.o)
                              /usr/lib/gcc/arm-none-eabi/13.2.1/../../../arm-none-eabi/lib/thumb/v7-m/nofp/libm.a(libm_a-e_rem_pio2.o) (__aeabi_d2iz)
/usr/lib/gcc/arm-none-eabi/13.2.1/thumb/v7-m/nofp/libgcc.a(_arm_fixunsdfsi.o)
                              ./output/main.o (__aeabi_d2uiz)
/usr/lib/gcc/arm-none-eabi/13.2.1/../../../arm-none-eabi/lib/thumb/v7-m/nofp/libg_nano.a(libc_a-strlen-stub.o)
                              ./output/tasks.o (strlen)
/usr/lib/gcc/arm-none-eabi/13.2.1/../../../arm-none-eabi/lib/thumb/v7-m/nofp/libg_nano.a(libc_a-impure.o)
                              ./output/startup_gcc.o (_impure_ptr)
/usr/lib/gcc/arm-none-eabi/13.2.1/../../../arm-none-eabi/lib/thumb/v7-m/nofp/libg_nano.a(libc_a-memset.o)
                              ./output/tasks.o (memset)
/usr/lib/gcc/arm-none-eabi/13.2.1/../../../arm-none-eabi/lib/thumb/v7-m/nofp/libg_nano.a(libc_a-fflush.o)
                              ./output/startup_gcc.o (fflush)
/usr/lib/gcc/arm-none-eabi/13.2.1/../../../arm-none-eabi/lib/thumb/v7-m/nofp/libg_nano.a(libc_a-freer.o)
                              /usr/lib/gcc/arm-none-eabi/13.2.1/../../../arm-none-eabi/lib/thumb/v7-m/nofp/libg_nano.a(libc_a-fflush.o) (_free_r)
/usr/lib/gcc/arm-none-eabi/13.2.1/../../../arm-none-eabi/lib/thumb/v7-m/nofp/libg_nano.a(libc_a-fwalk.o)
                              /usr/lib/gcc/arm-none-eabi/13.2.1/../../../arm-none-eabi/lib/thumb/v7-m/nofp/libg_nano.a(libc_a-fflush.o) (_fwalk_sglue)
/usr/lib/gcc/arm-none-eabi/13.2.1/../../../arm-none-eabi/lib/thumb/v7-m/nofp/libg_nano.a(libc_a-memcpy.o)
                              ./output/queue.o (memcpy)
/usr/lib/gcc/arm-none-eabi/13.2.1/../../../arm-none-eabi/lib/thumb/v7-m/nofp/libg_nano.a(libc_a-mlock.o)
                              /usr/lib/gcc/arm-none-eabi/13.2.1/../../../arm-none-eabi/lib/thumb/v7-m/nofp/libg_nano.a(libc_a-freer.o) (__malloc_lock)
/usr/lib/gcc/arm-none-eabi/13.2.1/../../../arm-none-eabi/lib/thumb/v7-m/nofp/libg_nano.a(libc_a-strcmp.o)
                              ./output/MessageBufferAMP.o (strcmp)
/usr/lib/gcc/arm-none-eabi/13.2.1/../../../arm-none-eabi/lib/thumb/v7-m/nofp/libg_nano.a(libc_a-memcmp.o)
                              ./output/MessageBufferDemo.o (memcmp)
[...]
Memory Configuration

Name             Origin             Length             Attributes
FLASH            0x00000000         0x00400000         xr
RAM              0x20000000         0x00400000         rw
*default*        0x00000000         0xffffffff

Linker script and memory map

LOAD ./output/tasks.o
LOAD ./output/list.o
LOAD ./output/queue.o
LOAD ./output/timers.o
LOAD ./output/event_groups.o
LOAD ./output/stream_buffer.o
LOAD ./output/heap_4.o
LOAD ./output/port.o
LOAD ./output/AbortDelay.o
LOAD ./output/BlockQ.o
LOAD ./output/blocktim.o
LOAD ./output/countsem.o
LOAD ./output/death.o
LOAD ./output/dynamic.o
LOAD ./output/EventGroupsDemo.o
LOAD ./output/GenQTest.o
LOAD ./output/integer.o
LOAD ./output/IntQueue.o
LOAD ./output/IntQueueTimer.o
LOAD ./output/IntSemTest.o
LOAD ./output/MessageBufferAMP.o
LOAD ./output/MessageBufferDemo.o
LOAD ./output/PollQ.o
LOAD ./output/QPeek.o
LOAD ./output/QueueOverwrite.o
LOAD ./output/QueueSet.o
LOAD ./output/QueueSetPolling.o
LOAD ./output/recmutex.o
LOAD ./output/semtest.o
LOAD ./output/StaticAllocation.o
LOAD ./output/StreamBufferDemo.o
LOAD ./output/StreamBufferInterrupt.o
LOAD ./output/TaskNotify.o
LOAD ./output/TaskNotifyArray.o
LOAD ./output/TimerDemo.o
LOAD ./output/main.o
LOAD ./output/startup_gcc.o
LOAD ./output/RegTest.o
LOAD ./output/printf-stdarg.o
LOAD /usr/lib/gcc/arm-none-eabi/13.2.1/../../../arm-none-eabi/lib/thumb/v7-m/nofp/libm.a
START GROUP
LOAD /usr/lib/gcc/arm-none-eabi/13.2.1/thumb/v7-m/nofp/libgcc.a
LOAD /usr/lib/gcc/arm-none-eabi/13.2.1/../../../arm-none-eabi/lib/thumb/v7-m/nofp/libg_nano.a
LOAD /usr/lib/gcc/arm-none-eabi/13.2.1/../../../arm-none-eabi/lib/thumb/v7-m/nofp/libc_nano.a
END GROUP
START GROUP
LOAD /usr/lib/gcc/arm-none-eabi/13.2.1/thumb/v7-m/nofp/libgcc.a
LOAD /usr/lib/gcc/arm-none-eabi/13.2.1/../../../arm-none-eabi/lib/thumb/v7-m/nofp/libc_nano.a
LOAD /usr/lib/gcc/arm-none-eabi/13.2.1/../../../arm-none-eabi/lib/thumb/v7-m/nofp/libnosys.a
END GROUP
START GROUP
LOAD /usr/lib/gcc/arm-none-eabi/13.2.1/thumb/v7-m/nofp/libgcc.a
LOAD /usr/lib/gcc/arm-none-eabi/13.2.1/../../../arm-none-eabi/lib/thumb/v7-m/nofp/libc_nano.a
LOAD /usr/lib/gcc/arm-none-eabi/13.2.1/../../../arm-none-eabi/lib/thumb/v7-m/nofp/libnosys.a
END GROUP
                0x00000008                        _Min_Heap_Size = 0x8
                0x00000400                        _Min_Stack_Size = 0x400
                0x20400000                        _estack = (ORIGIN (RAM) + LENGTH (RAM))

.isr_vector     0x00000000       0x78
                0x00000000                        __vector_table = .
 *(.isr_vector)
 .isr_vector    0x00000000       0x78 ./output/startup_gcc.o
                0x00000000                isr_vector
                0x00000078                        . = ALIGN (0x4)

.text           0x00000078     0x28d8
 *(.text)
 .text          0x00000078       0x94 /usr/lib/gcc/arm-none-eabi/13.2.1/../../../arm-none-eabi/lib/thumb/v7-m/nofp/libm.a(libm_a-s_sin.o)
                0x00000078                sin
 *fill*         0x0000010c        0x4 
 .text          0x00000110      0x40c /usr/lib/gcc/arm-none-eabi/13.2.1/../../../arm-none-eabi/lib/thumb/v7-m/nofp/libm.a(libm_a-e_rem_pio2.o)
                0x00000110                __ieee754_rem_pio2
 .text          0x0000051c      0x824 /usr/lib/gcc/arm-none-eabi/13.2.1/../../../arm-none-eabi/lib/thumb/v7-m/nofp/libm.a(libm_a-k_rem_pio2.o)
                0x0000051c                __kernel_rem_pio2
 .text          0x00000d40       0xfc /usr/lib/gcc/arm-none-eabi/13.2.1/../../../arm-none-eabi/lib/thumb/v7-m/nofp/libm.a(libm_a-s_scalbn.o)
                0x00000d40                scalbn
 *fill*         0x00000e3c        0x4 
 .text          0x00000e40      0x16c /usr/lib/gcc/arm-none-eabi/13.2.1/../../../arm-none-eabi/lib/thumb/v7-m/nofp/libm.a(libm_a-k_sin.o)
                0x00000e40                __kernel_sin
 *fill*         0x00000fac        0x4 
 .text          0x00000fb0      0x108 /usr/lib/gcc/arm-none-eabi/13.2.1/../../../arm-none-eabi/lib/thumb/v7-m/nofp/libm.a(libm_a-s_floor.o)
                0x00000fb0                floor
 .text          0x000010b8      0x250 /usr/lib/gcc/arm-none-eabi/13.2.1/../../../arm-none-eabi/lib/thumb/v7-m/nofp/libm.a(libm_a-k_cos.o)
                0x000010b8                __kernel_cos
 .text          0x00001308        0x8 /usr/lib/gcc/arm-none-eabi/13.2.1/../../../arm-none-eabi/lib/thumb/v7-m/nofp/libm.a(libm_a-s_fabs.o)
                0x00001308                fabs
 .text          0x00001310      0x378 /usr/lib/gcc/arm-none-eabi/13.2.1/thumb/v7-m/nofp/libgcc.a(_arm_addsubdf3.o)
                0x00001310                __aeabi_drsub
                0x00001318                __aeabi_dsub
                0x00001318                __subdf3
                0x0000131c                __adddf3
                0x0000131c                __aeabi_dadd
                0x00001594                __aeabi_ui2d
                0x00001594                __floatunsidf
                0x000015b4                __floatsidf
                0x000015b4                __aeabi_i2d
                0x000015d8                __extendsfdf2
                0x000015d8                __aeabi_f2d
                0x0000161c                __aeabi_ul2d
                0x0000161c                __floatundidf
                0x0000162c                __floatdidf
                0x0000162c                __aeabi_l2d
 .text          0x00001688      0x424 /usr/lib/gcc/arm-none-eabi/13.2.1/thumb/v7-m/nofp/libgcc.a(_arm_muldivdf3.o)
                0x00001688                __aeabi_dmul
                0x00001688                __muldf3
                0x000018dc                __aeabi_ddiv
                0x000018dc                __divdf3
 .text          0x00001aac      0x110 /usr/lib/gcc/arm-none-eabi/13.2.1/thumb/v7-m/nofp/libgcc.a(_arm_cmpdf2.o)
                0x00001aac                __gtdf2
                0x00001aac                __gedf2
                0x00001ab4                __ltdf2
                0x00001ab4                __ledf2
                0x00001abc                __cmpdf2
                0x00001abc                __eqdf2
                0x00001abc                __nedf2
                0x00001b38                __aeabi_cdrcmple
                0x00001b48                __aeabi_cdcmple
                0x00001b48                __aeabi_cdcmpeq
                0x00001b58                __aeabi_dcmpeq
                0x00001b6c                __aeabi_dcmplt
                0x00001b80                __aeabi_dcmple
                0x00001b94                __aeabi_dcmpge
                0x00001ba8                __aeabi_dcmpgt
 .text          0x00001bbc       0x50 /usr/lib/gcc/arm-none-eabi/13.2.1/thumb/v7-m/nofp/libgcc.a(_arm_fixdfsi.o)
                0x00001bbc                __fixdfsi
                0x00001bbc                __aeabi_d2iz
 .text          0x00001c0c       0x40 /usr/lib/gcc/arm-none-eabi/13.2.1/thumb/v7-m/nofp/libgcc.a(_arm_fixunsdfsi.o)
                0x00001c0c                __fixunsdfsi
                0x00001c0c                __aeabi_d2uiz
 .text          0x00001c4c       0xa0 /usr/lib/gcc/arm-none-eabi/13.2.1/../../../arm-none-eabi/lib/thumb/v7-m/nofp/libg_nano.a(libc_a-memset.o)
                0x00001c4c                memset
 .text          0x00001cec      0x198 /usr/lib/gcc/arm-none-eabi/13.2.1/../../../arm-none-eabi/lib/thumb/v7-m/nofp/libg_nano.a(libc_a-fflush.o)
                0x00001cec                __sflush_r
                0x00001e00                _fflush_r
                0x00001e38                fflush
 .text          0x00001e84       0xbc /usr/lib/gcc/arm-none-eabi/13.2.1/../../../arm-none-eabi/lib/thumb/v7-m/nofp/libg_nano.a(libc_a-freer.o)
                0x00001e84                _free_r
 .text          0x00001f40       0x44 /usr/lib/gcc/arm-none-eabi/13.2.1/../../../arm-none-eabi/lib/thumb/v7-m/nofp/libg_nano.a(libc_a-fwalk.o)
                0x00001f40                _fwalk_sglue
 .text          0x00001f84       0xec /usr/lib/gcc/arm-none-eabi/13.2.1/../../../arm-none-eabi/lib/thumb/v7-m/nofp/libg_nano.a(libc_a-memcpy.o)
                0x00001f84                memcpy
 .text          0x00002070        0x8 /usr/lib/gcc/arm-none-eabi/13.2.1/../../../arm-none-eabi/lib/thumb/v7-m/nofp/libg_nano.a(libc_a-mlock.o)
                0x00002070                __malloc_lock
                0x00002074                __malloc_unlock
 .text          0x00002078      0x224 /usr/lib/gcc/arm-none-eabi/13.2.1/../../../arm-none-eabi/lib/thumb/v7-m/nofp/libg_nano.a(libc_a-findfp.o)
                0x000021a8                __sfp
                0x0000224c                __sinit
                0x0000226c                __sfp_lock_acquire
                0x00002270                __sfp_lock_release
                0x00002274                __fp_lock_all
                0x00002288                __fp_unlock_all
 .text          0x0000229c      0x14c /usr/lib/gcc/arm-none-eabi/13.2.1/../../../arm-none-eabi/lib/thumb/v7-m/nofp/libg_nano.a(libc_a-mallocr.o)
                0x000022e8                _malloc_r
 .text          0x000023e8       0x24 /usr/lib/gcc/arm-none-eabi/13.2.1/../../../arm-none-eabi/lib/thumb/v7-m/nofp/libg_nano.a(libc_a-sbrkr.o)
                0x000023e8                _sbrk_r
 .text          0x0000240c       0x94 /usr/lib/gcc/arm-none-eabi/13.2.1/../../../arm-none-eabi/lib/thumb/v7-m/nofp/libg_nano.a(libc_a-stdio.o)
                0x0000240c                __sread
                0x00002430                __seofread
                0x00002434                __swrite
                0x00002474                __sseek
                0x00002498                __sclose
 .text          0x000024a0       0x24 /usr/lib/gcc/arm-none-eabi/13.2.1/../../../arm-none-eabi/lib/thumb/v7-m/nofp/libg_nano.a(libc_a-closer.o)
                0x000024a0                _close_r
 .text          0x000024c4       0x2c /usr/lib/gcc/arm-none-eabi/13.2.1/../../../arm-none-eabi/lib/thumb/v7-m/nofp/libg_nano.a(libc_a-readr.o)
                0x000024c4                _read_r
 .text          0x000024f0       0x2c /usr/lib/gcc/arm-none-eabi/13.2.1/../../../arm-none-eabi/lib/thumb/v7-m/nofp/libg_nano.a(libc_a-lseekr.o)
                0x000024f0                _lseek_r
 .text          0x0000251c       0x2c /usr/lib/gcc/arm-none-eabi/13.2.1/../../../arm-none-eabi/lib/thumb/v7-m/nofp/libg_nano.a(libc_a-writer.o)
                0x0000251c                _write_r
 .text          0x00002548       0x10 /usr/lib/gcc/arm-none-eabi/13.2.1/../../../arm-none-eabi/lib/thumb/v7-m/nofp/libnosys.a(close.o)
                0x00002548                _close
 .text          0x00002558       0x10 /usr/lib/gcc/arm-none-eabi/13.2.1/../../../arm-none-eabi/lib/thumb/v7-m/nofp/libnosys.a(lseek.o)
                0x00002558                _lseek
 .text          0x00002568       0x10 /usr/lib/gcc/arm-none-eabi/13.2.1/../../../arm-none-eabi/lib/thumb/v7-m/nofp/libnosys.a(read.o)
                0x00002568                _read
 .text          0x00002578       0x1c /usr/lib/gcc/arm-none-eabi/13.2.1/../../../arm-none-eabi/lib/thumb/v7-m/nofp/libnosys.a(sbrk.o)
                0x00002578                _sbrk
 .text          0x00002594       0x10 /usr/lib/gcc/arm-none-eabi/13.2.1/../../../arm-none-eabi/lib/thumb/v7-m/nofp/libnosys.a(write.o)
                0x00002594                _write
 *(.rodata*)
 .rodata.prvTaskIsTaskSuspended.str1.1
                0x000025a4      0x1c9 ./output/tasks.o
                                 0x1d (size before relaxing)
 .rodata.vTaskStartScheduler.str1.1
                0x0000276d        0x5 ./output/tasks.o
 *fill*         0x0000276d        0x3 
 .rodata.uxTopUsedPriority
                0x00002770        0x4 ./output/tasks.o
 .rodata.prvNotifyQueueSetContainer.str1.1
                0x00002774       0x1d ./output/queue.o
 .rodata.prvTimerTask.str1.1
                0x00002774       0x1e ./output/timers.o
 .rodata.prvCheckForValidListAndQueue.str1.1
                0x00002774        0x5 ./output/timers.o
 .rodata.xTimerCreateTimerTask.str1.1
                0x00002774        0x8 ./output/timers.o
 .rodata.pvPortMalloc.str1.1
                0x00002774       0x2f ./output/heap_4.o
 .rodata.prvTaskExitError.str1.1
                0x00002774       0x31 ./output/port.o
 .rodata.vTaskBatteryManagement.str1.1
                0x00002774       0x43 ./output/main.o
 .rodata.vTaskGridInteraction.str1.1
                0x00002774        0xa ./output/main.o
 .rodata.main.str1.1
                0x00002774       0x2b ./output/main.o
 .rodata.vApplicationMallocFailedHook.str1.1
                0x00002774       0x14 ./output/main.o
 .rodata.vApplicationStackOverflowHook.str1.1
                0x00002774       0x1b ./output/main.o
 .rodata.vAssertCalled.str1.1
                0x00002774       0x1b ./output/main.o
 .rodata.prvGetRegistersFromStack.str1.1
                0x00002774       0x36 ./output/startup_gcc.o
 .rodata.tiny_print.str1.1
                0x00002774        0x7 ./output/printf-stdarg.o
 .rodata        0x00002774      0x188 /usr/lib/gcc/arm-none-eabi/13.2.1/../../../arm-none-eabi/lib/thumb/v7-m/nofp/libm.a(libm_a-e_rem_pio2.o)
 *fill*         0x000028fc        0x4 
 .rodata        0x00002900       0x50 /usr/lib/gcc/arm-none-eabi/13.2.1/../../../arm-none-eabi/lib/thumb/v7-m/nofp/libm.a(libm_a-k_rem_pio2.o)
 *(.constdata*)
                0x00002950                        _etext = .
                0x00002950                        _sidata = .

.glue_7         0x00002950        0x0
 .glue_7        0x00002950        0x0 linker stubs

.glue_7t        0x00002950        0x0
 .glue_7t       0x00002950        0x0 linker stubs

.vfp11_veneer   0x00002950        0x0
 .vfp11_veneer  0x00002950        0x0 linker stubs

.v4_bx          0x00002950        0x0
 .v4_bx         0x00002950        0x0 linker stubs

.text.prvAddNewTaskToReadyList
                0x00002950      0x10c
 .text.prvAddNewTaskToReadyList
                0x00002950      0x10c ./output/tasks.o

.text.prvAddCurrentTaskToDelayedList
                0x00002a5c       0xb4
 .text.prvAddCurrentTaskToDelayedList
                0x00002a5c       0xb4 ./output/tasks.o

.text.prvResetNextTaskUnblockTime
                0x00002b10       0x24
 .text.prvResetNextTaskUnblockTime
                0x00002b10       0x24 ./output/tasks.o

.text.prvDeleteTCB
                0x00002b34       0x38
 .text.prvDeleteTCB
                0x00002b34       0x38 ./output/tasks.o

.text.prvCheckTasksWaitingTermination
                0x00002b6c       0x40
 .text.prvCheckTasksWaitingTermination
                0x00002b6c       0x40 ./output/tasks.o

.text.prvIdleTask
                0x00002bac        0x8
 .text.prvIdleTask
                0x00002bac        0x8 ./output/tasks.o

.text.prvInitialiseNewTask.constprop.0
                0x00002bb4       0x90
 .text.prvInitialiseNewTask.constprop.0
                0x00002bb4       0x90 ./output/tasks.o

.text.xTaskCreateStatic
                0x00002c44       0x8c
 .text.xTaskCreateStatic
                0x00002c44       0x8c ./output/tasks.o
                0x00002c44                xTaskCreateStatic

.text.xTaskCreate
                0x00002cd0       0x62
 .text.xTaskCreate
                0x00002cd0       0x62 ./output/tasks.o
                0x00002cd0                xTaskCreate

.text.vTaskStartScheduler
                0x00002d34       0xa4
 .text.vTaskStartScheduler
                0x00002d34       0xa4 ./output/tasks.o
                0x00002d34                vTaskStartScheduler

.text.vTaskSuspendAll
                0x00002dd8       0x10
 .text.vTaskSuspendAll
                0x00002dd8       0x10 ./output/tasks.o
                0x00002dd8                vTaskSuspendAll

.text.xTaskGetTickCount
                0x00002de8        0xc
 .text.xTaskGetTickCount
                0x00002de8        0xc ./output/tasks.o
                0x00002de8                xTaskGetTickCount

.text.uxTaskGetNumberOfTasks
                0x00002df4        0xc
 .text.uxTaskGetNumberOfTasks
                0x00002df4        0xc ./output/tasks.o
                0x00002df4                uxTaskGetNumberOfTasks

.text.xTaskIncrementTick
                0x00002e00      0x19c
 .text.xTaskIncrementTick
                0x00002e00      0x19c ./output/tasks.o
                0x00002e00                xTaskIncrementTick

.text.xTaskResumeAll
                0x00002f9c      0x15c
 .text.xTaskResumeAll
                0x00002f9c      0x15c ./output/tasks.o
                0x00002f9c                xTaskResumeAll

.text.xTaskDelayUntil
                0x000030f8       0x8c
 .text.xTaskDelayUntil
                0x000030f8       0x8c ./output/tasks.o
                0x000030f8                xTaskDelayUntil

.text.vTaskSwitchContext
                0x00003184       0xa8
 .text.vTaskSwitchContext
                0x00003184       0xa8 ./output/tasks.o
                0x00003184                vTaskSwitchContext

.text.vTaskPlaceOnEventList
                0x0000322c       0x34
 .text.vTaskPlaceOnEventList
                0x0000322c       0x34 ./output/tasks.o
                0x0000322c                vTaskPlaceOnEventList

.text.vTaskPlaceOnEventListRestricted
                0x00003260       0x5c
 .text.vTaskPlaceOnEventListRestricted
                0x00003260       0x5c ./output/tasks.o
                0x00003260                vTaskPlaceOnEventListRestricted

.text.xTaskRemoveFromEventList
                0x000032bc       0xc8
 .text.xTaskRemoveFromEventList
                0x000032bc       0xc8 ./output/tasks.o
                0x000032bc                xTaskRemoveFromEventList

.text.vTaskInternalSetTimeOutState
                0x00003384       0x18
 .text.vTaskInternalSetTimeOutState
                0x00003384       0x18 ./output/tasks.o
                0x00003384                vTaskInternalSetTimeOutState

.text.xTaskCheckForTimeOut
                0x0000339c       0x84
 .text.xTaskCheckForTimeOut
                0x0000339c       0x84 ./output/tasks.o
                0x0000339c                xTaskCheckForTimeOut

.text.vTaskMissedYield
                0x00003420        0xc
 .text.vTaskMissedYield
                0x00003420        0xc ./output/tasks.o
                0x00003420                vTaskMissedYield

.text.xTaskGetSchedulerState
                0x0000342c       0x20
 .text.xTaskGetSchedulerState
                0x0000342c       0x20 ./output/tasks.o
                0x0000342c                xTaskGetSchedulerState

.text.xTaskPriorityInherit
                0x0000344c       0xa0
 .text.xTaskPriorityInherit
                0x0000344c       0xa0 ./output/tasks.o
                0x0000344c                xTaskPriorityInherit

.text.xTaskPriorityDisinherit
                0x000034ec       0x9c
 .text.xTaskPriorityDisinherit
                0x000034ec       0x9c ./output/tasks.o
                0x000034ec                xTaskPriorityDisinherit

.text.vTaskPriorityDisinheritAfterTimeout
                0x00003588       0xb0
 .text.vTaskPriorityDisinheritAfterTimeout
                0x00003588       0xb0 ./output/tasks.o
                0x00003588                vTaskPriorityDisinheritAfterTimeout

.text.pvTaskIncrementMutexHeldCount
                0x00003638       0x14
 .text.pvTaskIncrementMutexHeldCount
                0x00003638       0x14 ./output/tasks.o
                0x00003638                pvTaskIncrementMutexHeldCount

.iplt           0x0000364c        0x0
 .iplt          0x0000364c        0x0 ./output/tasks.o

.text.vListInitialise
                0x0000364c       0x16
 .text.vListInitialise
                0x0000364c       0x16 ./output/list.o
                0x0000364c                vListInitialise

.text.vListInitialiseItem
                0x00003662        0x6
 .text.vListInitialiseItem
                0x00003662        0x6 ./output/list.o
                0x00003662                vListInitialiseItem

.text.vListInsert
                0x00003668       0x2e
 .text.vListInsert
                0x00003668       0x2e ./output/list.o
                0x00003668                vListInsert

.text.uxListRemove
                0x00003696       0x1e
 .text.uxListRemove
                0x00003696       0x1e ./output/list.o
                0x00003696                uxListRemove

.text.prvIsQueueEmpty
                0x000036b4       0x16
 .text.prvIsQueueEmpty
                0x000036b4       0x16 ./output/queue.o

.text.prvCopyDataToQueue
                0x000036ca       0x66
 .text.prvCopyDataToQueue
                0x000036ca       0x66 ./output/queue.o

.text.prvCopyDataFromQueue
                0x00003730       0x28
 .text.prvCopyDataFromQueue
                0x00003730       0x28 ./output/queue.o

.text.prvNotifyQueueSetContainer
                0x00003758       0x84
 .text.prvNotifyQueueSetContainer
                0x00003758       0x84 ./output/queue.o

.text.prvUnlockQueue
                0x000037dc       0x78
 .text.prvUnlockQueue
                0x000037dc       0x78 ./output/queue.o

.text.xQueueGenericReset
                0x00003854       0x98
 .text.xQueueGenericReset
                0x00003854       0x98 ./output/queue.o
                0x00003854                xQueueGenericReset

.text.xQueueGenericCreateStatic
                0x000038ec       0x70
 .text.xQueueGenericCreateStatic
                0x000038ec       0x70 ./output/queue.o
                0x000038ec                xQueueGenericCreateStatic

.text.xQueueGenericCreate
                0x0000395c       0x58
 .text.xQueueGenericCreate
                0x0000395c       0x58 ./output/queue.o
                0x0000395c                xQueueGenericCreate

.text.xQueueGenericSend
                0x000039b4      0x158
 .text.xQueueGenericSend
                0x000039b4      0x158 ./output/queue.o
                0x000039b4                xQueueGenericSend

.text.xQueueCreateMutex
                0x00003b0c       0x24
 .text.xQueueCreateMutex
                0x00003b0c       0x24 ./output/queue.o
                0x00003b0c                xQueueCreateMutex

.text.xQueueGenericSendFromISR
                0x00003b30       0xdc
 .text.xQueueGenericSendFromISR
                0x00003b30       0xdc ./output/queue.o
                0x00003b30                xQueueGenericSendFromISR

.text.xQueueReceive
                0x00003c0c      0x124
 .text.xQueueReceive
                0x00003c0c      0x124 ./output/queue.o
                0x00003c0c                xQueueReceive

.text.xQueueSemaphoreTake
                0x00003d30      0x150
 .text.xQueueSemaphoreTake
                0x00003d30      0x150 ./output/queue.o
                0x00003d30                xQueueSemaphoreTake

.text.xQueueReceiveFromISR
                0x00003e80       0xa8
 .text.xQueueReceiveFromISR
                0x00003e80       0xa8 ./output/queue.o
                0x00003e80                xQueueReceiveFromISR

.text.xQueueIsQueueFullFromISR
                0x00003f28       0x20
 .text.xQueueIsQueueFullFromISR
                0x00003f28       0x20 ./output/queue.o
                0x00003f28                xQueueIsQueueFullFromISR

.text.vQueueAddToRegistry
                0x00003f48       0x50
 .text.vQueueAddToRegistry
                0x00003f48       0x50 ./output/queue.o
                0x00003f48                vQueueAddToRegistry

.text.vQueueWaitForMessageRestricted
                0x00003f98       0x46
 .text.vQueueWaitForMessageRestricted
                0x00003f98       0x46 ./output/queue.o
                0x00003f98                vQueueWaitForMessageRestricted

.text.prvInsertTimerInActiveList
                0x00003fe0       0x3c
 .text.prvInsertTimerInActiveList
                0x00003fe0       0x3c ./output/timers.o

.text.prvReloadTimer
                0x0000401c       0x26
 .text.prvReloadTimer
                0x0000401c       0x26 ./output/timers.o

.text.prvProcessExpiredTimer
                0x00004044       0x40
 .text.prvProcessExpiredTimer
                0x00004044       0x40 ./output/timers.o

.text.prvSampleTimeNow
                0x00004084       0x4c
 .text.prvSampleTimeNow
                0x00004084       0x4c ./output/timers.o

.text.prvTimerTask
                0x000040d0      0x180
 .text.prvTimerTask
                0x000040d0      0x180 ./output/timers.o

.text.prvCheckForValidListAndQueue
                0x00004250       0x68
 .text.prvCheckForValidListAndQueue
                0x00004250       0x68 ./output/timers.o

.text.xTimerCreateTimerTask
                0x000042b8       0x64
 .text.xTimerCreateTimerTask
                0x000042b8       0x64 ./output/timers.o
                0x000042b8                xTimerCreateTimerTask

.text.pvPortMalloc
                0x0000431c      0x194
 .text.pvPortMalloc
                0x0000431c      0x194 ./output/heap_4.o
                0x0000431c                pvPortMalloc

.text.vPortFree
                0x000044b0       0xf8
 .text.vPortFree
                0x000044b0       0xf8 ./output/heap_4.o
                0x000044b0                vPortFree

.text.vPortSVCHandler
                0x000045b0       0x24
 .text.vPortSVCHandler
                0x000045b0       0x24 ./output/port.o
                0x000045b0                vPortSVCHandler

.text.prvPortStartFirstTask
                0x000045d4       0x20
 .text.prvPortStartFirstTask
                0x000045d4       0x20 ./output/port.o

.text.xPortPendSVHandler
                0x00004600       0x44
 .text.xPortPendSVHandler
                0x00004600       0x44 ./output/port.o
                0x00004600                xPortPendSVHandler

.text.prvTaskExitError
                0x00004644       0x3c
 .text.prvTaskExitError
                0x00004644       0x3c ./output/port.o

.text.pxPortInitialiseStack
                0x00004680       0x24
 .text.pxPortInitialiseStack
                0x00004680       0x24 ./output/port.o
                0x00004680                pxPortInitialiseStack

.text.vPortEnterCritical
                0x000046a4       0x3c
 .text.vPortEnterCritical
                0x000046a4       0x3c ./output/port.o
                0x000046a4                vPortEnterCritical

.text.vPortExitCritical
                0x000046e0       0x28
 .text.vPortExitCritical
                0x000046e0       0x28 ./output/port.o
                0x000046e0                vPortExitCritical

.text.xPortSysTickHandler
                0x00004708       0x2c
 .text.xPortSysTickHandler
                0x00004708       0x2c ./output/port.o
                0x00004708                xPortSysTickHandler

.text.vPortSetupTimerInterrupt
                0x00004734       0x16
 .text.vPortSetupTimerInterrupt
                0x00004734       0x16 ./output/port.o
                0x00004734                vPortSetupTimerInterrupt

.text.xPortStartScheduler
                0x0000474c      0x10c
 .text.xPortStartScheduler
                0x0000474c      0x10c ./output/port.o
                0x0000474c                xPortStartScheduler

.text.vPortValidateInterruptPriority
                0x00004858       0x54
 .text.vPortValidateInterruptPriority
                0x00004858       0x54 ./output/port.o
                0x00004858                vPortValidateInterruptPriority

.text.prvRecordValue_NormallyFull
                0x000048ac       0x28
 .text.prvRecordValue_NormallyFull
                0x000048ac       0x28 ./output/IntQueue.o

.text.prvRecordValue_NormallyEmpty
                0x000048d4       0x28
 .text.prvRecordValue_NormallyEmpty
                0x000048d4       0x28 ./output/IntQueue.o

.text.xFirstTimerHandler
                0x000048fc      0x138
 .text.xFirstTimerHandler
                0x000048fc      0x138 ./output/IntQueue.o
                0x000048fc                xFirstTimerHandler

.text.xSecondTimerHandler
                0x00004a34      0x1e8
 .text.xSecondTimerHandler
                0x00004a34      0x1e8 ./output/IntQueue.o
                0x00004a34                xSecondTimerHandler

.text.TIMER0_Handler
                0x00004c1c       0x3c
 .text.TIMER0_Handler
                0x00004c1c       0x3c ./output/IntQueueTimer.o
                0x00004c1c                TIMER0_Handler

.text.TIMER1_Handler
                0x00004c58       0x3c
 .text.TIMER1_Handler
                0x00004c58       0x3c ./output/IntQueueTimer.o
                0x00004c58                TIMER1_Handler

.text.vTaskSolarPowerGeneration
                0x00004c98       0x90
 .text.vTaskSolarPowerGeneration
                0x00004c98       0x90 ./output/main.o
                0x00004c98                vTaskSolarPowerGeneration

.text.vTaskBatteryManagement
                0x00004d28       0xac
 .text.vTaskBatteryManagement
                0x00004d28       0xac ./output/main.o
                0x00004d28                vTaskBatteryManagement

.text.vTaskLoadManagement
                0x00004dd4       0x8c
 .text.vTaskLoadManagement
                0x00004dd4       0x8c ./output/main.o
                0x00004dd4                vTaskLoadManagement

.text.vTaskGridInteraction
                0x00004e60       0xbc
 .text.vTaskGridInteraction
                0x00004e60       0xbc ./output/main.o
                0x00004e60                vTaskGridInteraction

.text.startup.main
                0x00004f1c       0xc0
 .text.startup.main
                0x00004f1c       0xc0 ./output/main.o
                0x00004f1c                main

.text.vApplicationMallocFailedHook
                0x00004fdc       0x20
 .text.vApplicationMallocFailedHook
                0x00004fdc       0x20 ./output/main.o
                0x00004fdc                vApplicationMallocFailedHook

.text.vApplicationStackOverflowHook
                0x00004ffc       0x20
 .text.vApplicationStackOverflowHook
                0x00004ffc       0x20 ./output/main.o
                0x00004ffc                vApplicationStackOverflowHook

.text.vApplicationTickHook
                0x0000501c        0x2
 .text.vApplicationTickHook
                0x0000501c        0x2 ./output/main.o
                0x0000501c                vApplicationTickHook

.text.vAssertCalled
                0x00005020       0x2c
 .text.vAssertCalled
                0x00005020       0x2c ./output/main.o
                0x00005020                vAssertCalled

.text.vApplicationGetIdleTaskMemory
                0x0000504c       0x18
 .text.vApplicationGetIdleTaskMemory
                0x0000504c       0x18 ./output/main.o
                0x0000504c                vApplicationGetIdleTaskMemory

.text.vApplicationGetTimerTaskMemory
                0x00005064       0x18
 .text.vApplicationGetTimerTaskMemory
                0x00005064       0x18 ./output/main.o
                0x00005064                vApplicationGetTimerTaskMemory

.text.Default_Handler
                0x00005100       0x14
 .text.Default_Handler
                0x00005100       0x14 ./output/startup_gcc.o

.text.HardFault_Handler
                0x00005200       0x18
 .text.HardFault_Handler
                0x00005200       0x18 ./output/startup_gcc.o

.text.Reset_Handler
                0x00005218        0x4
 .text.Reset_Handler
                0x00005218        0x4 ./output/startup_gcc.o
                0x00005218                Reset_Handler

.text.prvGetRegistersFromStack
                0x0000521c       0x6c
 .text.prvGetRegistersFromStack
                0x0000521c       0x6c ./output/startup_gcc.o
                0x0000521c                prvGetRegistersFromStack

.text.printchar
                0x00005288       0x1e
 .text.printchar
                0x00005288       0x1e ./output/printf-stdarg.o

.text.prints    0x000052a6       0x8a
 .text.prints   0x000052a6       0x8a ./output/printf-stdarg.o

.text.printi    0x00005330       0xa0
 .text.printi   0x00005330       0xa0 ./output/printf-stdarg.o

.text.tiny_print
                0x000053d0      0x124
 .text.tiny_print
                0x000053d0      0x124 ./output/printf-stdarg.o

.text.printf    0x000054f4       0x1e
 .text.printf   0x000054f4       0x1e ./output/printf-stdarg.o
                0x000054f4                printf

.rel.dyn        0x00005514        0x0
 .rel.iplt      0x00005514        0x0 ./output/tasks.o

.ARM.exidx      0x00005514        0x8
 .ARM.exidx     0x00005514        0x8 /usr/lib/gcc/arm-none-eabi/13.2.1/../../../arm-none-eabi/lib/thumb/v7-m/nofp/libg_nano.a(libc_a-memcpy.o)

.data           0x20000000       0x5c
                0x20000000                        . = ALIGN (0x8)
                0x20000000                        _data = .
                0x20000000                        _sdata = .
 *(vtable)
 *(.data)
 .data          0x20000000       0x50 /usr/lib/gcc/arm-none-eabi/13.2.1/../../../arm-none-eabi/lib/thumb/v7-m/nofp/libg_nano.a(libc_a-impure.o)
                0x20000000                _impure_ptr
                0x20000004                _impure_data
 .data          0x20000050        0xc /usr/lib/gcc/arm-none-eabi/13.2.1/../../../arm-none-eabi/lib/thumb/v7-m/nofp/libg_nano.a(libc_a-findfp.o)
                0x20000050                __sglue
                0x2000005c                        _edata = .

.igot.plt       0x2000005c        0x0
 .igot.plt      0x2000005c        0x0 ./output/tasks.o

.data.uxCriticalNesting
                0x2000005c        0x4
 .data.uxCriticalNesting
                0x2000005c        0x4 ./output/port.o

.data.xErrorStatus
                0x20000060        0x4
 .data.xErrorStatus
                0x20000060        0x4 ./output/IntQueue.o

.data.xDevices  0x20000064       0x48
 .data.xDevices
                0x20000064       0x48 ./output/main.o
                0x20000064                xDevices

.bss            0x200000ac      0x150
                0x200000b0                        . = ALIGN (0x8)
 *fill*         0x200000ac        0x4 
                0x200000b0                        _bss = .
                0x200000b0                        _sbss = .
 *(.bss)
 .bss           0x200000b0      0x13c /usr/lib/gcc/arm-none-eabi/13.2.1/../../../arm-none-eabi/lib/thumb/v7-m/nofp/libg_nano.a(libc_a-findfp.o)
                0x200000b0                __sf
                0x200001e8                __stdio_exit_handler
 .bss           0x200001ec        0x8 /usr/lib/gcc/arm-none-eabi/13.2.1/../../../arm-none-eabi/lib/thumb/v7-m/nofp/libg_nano.a(libc_a-mallocr.o)
                0x200001ec                __malloc_sbrk_start
                0x200001f0                __malloc_free_list
 .bss           0x200001f4        0x4 /usr/lib/gcc/arm-none-eabi/13.2.1/../../../arm-none-eabi/lib/thumb/v7-m/nofp/libg_nano.a(libc_a-reent.o)
                0x200001f4                errno
 .bss           0x200001f8        0x4 /usr/lib/gcc/arm-none-eabi/13.2.1/../../../arm-none-eabi/lib/thumb/v7-m/nofp/libnosys.a(sbrk.o)
                0x200001fc                        _ebss = .

.bss.uxSchedulerSuspended
                0x200001fc        0x4
 .bss.uxSchedulerSuspended
                0x200001fc        0x4 ./output/tasks.o

.bss.xIdleTaskHandles
                0x20000200        0x4
 .bss.xIdleTaskHandles
                0x20000200        0x4 ./output/tasks.o

.bss.xNextTaskUnblockTime
                0x20000204        0x4
 .bss.xNextTaskUnblockTime
                0x20000204        0x4 ./output/tasks.o

.bss.uxTaskNumber
                0x20000208        0x4
 .bss.uxTaskNumber
                0x20000208        0x4 ./output/tasks.o

.bss.xNumOfOverflows
                0x2000020c        0x4
 .bss.xNumOfOverflows
                0x2000020c        0x4 ./output/tasks.o

.bss.xYieldPendings
                0x20000210        0x4
 .bss.xYieldPendings
                0x20000210        0x4 ./output/tasks.o

.bss.xPendedTicks
                0x20000214        0x4
 .bss.xPendedTicks
                0x20000214        0x4 ./output/tasks.o

.bss.xSchedulerRunning
                0x20000218        0x4
 .bss.xSchedulerRunning
                0x20000218        0x4 ./output/tasks.o

.bss.uxTopReadyPriority
                0x2000021c        0x4
 .bss.uxTopReadyPriority
                0x2000021c        0x4 ./output/tasks.o

.bss.xTickCount
                0x20000220        0x4
 .bss.xTickCount
                0x20000220        0x4 ./output/tasks.o

.bss.uxCurrentNumberOfTasks
                0x20000224        0x4
 .bss.uxCurrentNumberOfTasks
                0x20000224        0x4 ./output/tasks.o

.bss.xSuspendedTaskList
                0x20000228       0x14
 .bss.xSuspendedTaskList
                0x20000228       0x14 ./output/tasks.o

.bss.uxDeletedTasksWaitingCleanUp
                0x2000023c        0x4
 .bss.uxDeletedTasksWaitingCleanUp
                0x2000023c        0x4 ./output/tasks.o

.bss.xTasksWaitingTermination
                0x20000240       0x14
 .bss.xTasksWaitingTermination
                0x20000240       0x14 ./output/tasks.o

.bss.xPendingReadyList
                0x20000254       0x14
 .bss.xPendingReadyList
                0x20000254       0x14 ./output/tasks.o

.bss.pxOverflowDelayedTaskList
                0x20000268        0x4
 .bss.pxOverflowDelayedTaskList
                0x20000268        0x4 ./output/tasks.o

.bss.pxDelayedTaskList
                0x2000026c        0x4
 .bss.pxDelayedTaskList
                0x2000026c        0x4 ./output/tasks.o

.bss.xDelayedTaskList2
                0x20000270       0x14
 .bss.xDelayedTaskList2
                0x20000270       0x14 ./output/tasks.o

.bss.xDelayedTaskList1
                0x20000284       0x14
 .bss.xDelayedTaskList1
                0x20000284       0x14 ./output/tasks.o

.bss.pxReadyTasksLists
                0x20000298       0xb4
 .bss.pxReadyTasksLists
                0x20000298       0xb4 ./output/tasks.o

.bss.pxCurrentTCB
                0x2000034c        0x4
 .bss.pxCurrentTCB
                0x2000034c        0x4 ./output/tasks.o
                0x2000034c                pxCurrentTCB

.bss.xQueueRegistry
                0x20000350       0x50
 .bss.xQueueRegistry
                0x20000350       0x50 ./output/queue.o
                0x20000350                xQueueRegistry

.bss.xStaticTimerQueue.0
                0x200003a0       0x4c
 .bss.xStaticTimerQueue.0
                0x200003a0       0x4c ./output/timers.o

.bss.ucStaticTimerQueueStorage.1
                0x200003ec      0x140
 .bss.ucStaticTimerQueueStorage.1
                0x200003ec      0x140 ./output/timers.o

.bss.xLastTime.2
                0x2000052c        0x4
 .bss.xLastTime.2
                0x2000052c        0x4 ./output/timers.o

.bss.xTimerTaskHandle
                0x20000530        0x4
 .bss.xTimerTaskHandle
                0x20000530        0x4 ./output/timers.o

.bss.xTimerQueue
                0x20000534        0x4
 .bss.xTimerQueue
                0x20000534        0x4 ./output/timers.o

.bss.pxOverflowTimerList
                0x20000538        0x4
 .bss.pxOverflowTimerList
                0x20000538        0x4 ./output/timers.o

.bss.pxCurrentTimerList
                0x2000053c        0x4
 .bss.pxCurrentTimerList
                0x2000053c        0x4 ./output/timers.o

.bss.xActiveTimerList2
                0x20000540       0x14
 .bss.xActiveTimerList2
                0x20000540       0x14 ./output/timers.o

.bss.xActiveTimerList1
                0x20000554       0x14
 .bss.xActiveTimerList1
                0x20000554       0x14 ./output/timers.o

.bss.xNumberOfSuccessfulFrees
                0x20000568        0x4
 .bss.xNumberOfSuccessfulFrees
                0x20000568        0x4 ./output/heap_4.o

.bss.xNumberOfSuccessfulAllocations
                0x2000056c        0x4
 .bss.xNumberOfSuccessfulAllocations
                0x2000056c        0x4 ./output/heap_4.o

.bss.xMinimumEverFreeBytesRemaining
                0x20000570        0x4
 .bss.xMinimumEverFreeBytesRemaining
                0x20000570        0x4 ./output/heap_4.o

.bss.xFreeBytesRemaining
                0x20000574        0x4
 .bss.xFreeBytesRemaining
                0x20000574        0x4 ./output/heap_4.o

.bss.pxEnd      0x20000578        0x4
 .bss.pxEnd     0x20000578        0x4 ./output/heap_4.o

.bss.xStart     0x2000057c        0x8
 .bss.xStart    0x2000057c        0x8 ./output/heap_4.o

.bss.ucHeap     0x20000584     0xf000
 .bss.ucHeap    0x20000584     0xf000 ./output/heap_4.o

.bss.ulMaxPRIGROUPValue
                0x2000f584        0x4
 .bss.ulMaxPRIGROUPValue
                0x2000f584        0x4 ./output/port.o

.bss.ucMaxSysCallPriority
                0x2000f588        0x1
 .bss.ucMaxSysCallPriority
                0x2000f588        0x1 ./output/port.o

.bss.uxNextOperation.4
                0x2000f58c        0x4
 .bss.uxNextOperation.4
                0x2000f58c        0x4 ./output/IntQueue.o

.bss.uxNextOperation.5
                0x2000f590        0x4
 .bss.uxNextOperation.5
                0x2000f590        0x4 ./output/IntQueue.o

.bss.ucNormallyFullReceivedValues
                0x2000f594       0xc8
 .bss.ucNormallyFullReceivedValues
                0x2000f594       0xc8 ./output/IntQueue.o

.bss.ucNormallyEmptyReceivedValues
                0x2000f65c       0xc8
 .bss.ucNormallyEmptyReceivedValues
                0x2000f65c       0xc8 ./output/IntQueue.o

.bss.uxValueForNormallyFullQueue
                0x2000f724        0x4
 .bss.uxValueForNormallyFullQueue
                0x2000f724        0x4 ./output/IntQueue.o

.bss.uxValueForNormallyEmptyQueue
                0x2000f728        0x4
 .bss.uxValueForNormallyEmptyQueue
                0x2000f728        0x4 ./output/IntQueue.o

.bss.xErrorLine
                0x2000f72c        0x4
 .bss.xErrorLine
                0x2000f72c        0x4 ./output/IntQueue.o

.bss.xNormallyFullQueue
                0x2000f730        0x4
 .bss.xNormallyFullQueue
                0x2000f730        0x4 ./output/IntQueue.o

.bss.xNormallyEmptyQueue
                0x2000f734        0x4
 .bss.xNormallyEmptyQueue
                0x2000f734        0x4 ./output/IntQueue.o

.bss.ulNestCount
                0x2000f738        0x4
 .bss.ulNestCount
                0x2000f738        0x4 ./output/IntQueueTimer.o
                0x2000f738                ulNestCount

.bss.ulNest     0x2000f73c        0x4
 .bss.ulNest    0x2000f73c        0x4 ./output/IntQueueTimer.o
                0x2000f73c                ulNest

.bss.uxTimerTaskStack.0
                0x2000f740      0x280
 .bss.uxTimerTaskStack.0
                0x2000f740      0x280 ./output/main.o

.bss.xTimerTaskTCB.1
                0x2000f9c0       0x5c
 .bss.xTimerTaskTCB.1
                0x2000f9c0       0x5c ./output/main.o

.bss.uxIdleTaskStack.2
                0x2000fa1c      0x140
 .bss.uxIdleTaskStack.2
                0x2000fa1c      0x140 ./output/main.o

.bss.xIdleTaskTCB.3
                0x2000fb5c       0x5c
 .bss.xIdleTaskTCB.3
                0x2000fb5c       0x5c ./output/main.o

.bss.lBill      0x2000fbb8        0x4
 .bss.lBill     0x2000fbb8        0x4 ./output/main.o

.bss.lBatteryLevel
                0x2000fbbc        0x4
 .bss.lBatteryLevel
                0x2000fbbc        0x4 ./output/main.o

.bss.xSemaphore
                0x2000fbc0        0x4
 .bss.xSemaphore
                0x2000fbc0        0x4 ./output/main.o

.bss.xQueueGrid
                0x2000fbc4        0x4
 .bss.xQueueGrid
                0x2000fbc4        0x4 ./output/main.o

.bss.xQueuePower
                0x2000fbc8        0x4
 .bss.xQueuePower
                0x2000fbc8        0x4 ./output/main.o

.bss.psr        0x2000fbcc        0x4
 .bss.psr       0x2000fbcc        0x4 ./output/startup_gcc.o
                0x2000fbcc                psr

.bss.pc         0x2000fbd0        0x4
 .bss.pc        0x2000fbd0        0x4 ./output/startup_gcc.o
                0x2000fbd0                pc

.bss.lr         0x2000fbd4        0x4
 .bss.lr        0x2000fbd4        0x4 ./output/startup_gcc.o
                0x2000fbd4                lr

.bss.r12        0x2000fbd8        0x4
 .bss.r12       0x2000fbd8        0x4 ./output/startup_gcc.o
                0x2000fbd8                r12

.bss.r3         0x2000fbdc        0x4
 .bss.r3        0x2000fbdc        0x4 ./output/startup_gcc.o
                0x2000fbdc                r3

.bss.r2         0x2000fbe0        0x4
 .bss.r2        0x2000fbe0        0x4 ./output/startup_gcc.o
                0x2000fbe0                r2

.bss.r1         0x2000fbe4        0x4
 .bss.r1        0x2000fbe4        0x4 ./output/startup_gcc.o
                0x2000fbe4                r1

.bss.r0         0x2000fbe8        0x4
 .bss.r0        0x2000fbe8        0x4 ./output/startup_gcc.o
                0x2000fbe8                r0

.heap           0x2000fbec      0x40c
                0x2000fbf0                        . = ALIGN (0x8)
 *fill*         0x2000fbec        0x4 
                0x2000fbf0                        PROVIDE (end = .)
                [!provide]                        PROVIDE (_end = .)
                0x2000fbf0                        _heap_bottom = .
                0x2000fbf8                        . = (. + _Min_Heap_Size)
 *fill*         0x2000fbf0        0x8 
                0x2000fbf8                        _heap_top = .
                0x2000fff8                        . = (. + _Min_Stack_Size)
 *fill*         0x2000fbf8      0x400 
                0x2000fff8                        . = ALIGN (0x8)
                0x20400000                        __StackTop = (ORIGIN (RAM) + LENGTH (RAM))
                0x203ffc00                        __StackLimit = (__StackTop - _Min_Stack_Size)
                [!provide]                        PROVIDE (__stack = __StackTop)
                0x00000001                        ASSERT ((__StackLimit >= _heap_top), region RAM overflowed with stack)
OUTPUT(./output/RTOSDemo.out elf32-littlearm)
LOAD linker stubs

.debug_info     0x00000000    0x16d7f
 .debug_info    0x00000000     0x3d30 ./output/tasks.o
 .debug_info    0x00003d30      0x2b2 ./output/list.o
 .debug_info    0x00003fe2     0x2d91 ./output/queue.o
 .debug_info    0x00006d73     0x1ce3 ./output/timers.o
 .debug_info    0x00008a56      0x731 ./output/heap_4.o
 .debug_info    0x00009187      0x5a1 ./output/port.o
 .debug_info    0x00009728     0x15f8 ./output/IntQueue.o
 .debug_info    0x0000ad20      0x675 ./output/IntQueueTimer.o
 .debug_info    0x0000b395      0xd89 ./output/main.o
 .debug_info    0x0000c11e      0x8b0 ./output/startup_gcc.o
 .debug_info    0x0000c9ce      0x64b ./output/printf-stdarg.o
 .debug_info    0x0000d019      0x254 /usr/lib/gcc/arm-none-eabi/13.2.1/../../../arm-none-eabi/lib/thumb/v7-m/nofp/libm.a(libm_a-s_sin.o)
 .debug_info    0x0000d26d      0x659 /usr/lib/gcc/arm-none-eabi/13.2.1/../../../arm-none-eabi/lib/thumb/v7-m/nofp/libm.a(libm_a-e_rem_pio2.o)
 .debug_info    0x0000d8c6      0x5bd /usr/lib/gcc/arm-none-eabi/13.2.1/../../../arm-none-eabi/lib/thumb/v7-m/nofp/libm.a(libm_a-k_rem_pio2.o)
 .debug_info    0x0000de83      0x27b /usr/lib/gcc/arm-none-eabi/13.2.1/../../../arm-none-eabi/lib/thumb/v7-m/nofp/libm.a(libm_a-s_scalbn.o)
 .debug_info    0x0000e0fe      0x304 /usr/lib/gcc/arm-none-eabi/13.2.1/../../../arm-none-eabi/lib/thumb/v7-m/nofp/libm.a(libm_a-k_sin.o)
 .debug_info    0x0000e402      0x216 /usr/lib/gcc/arm-none-eabi/13.2.1/../../../arm-none-eabi/lib/thumb/v7-m/nofp/libm.a(libm_a-s_floor.o)
 .debug_info    0x0000e618      0x3cf /usr/lib/gcc/arm-none-eabi/13.2.1/../../../arm-none-eabi/lib/thumb/v7-m/nofp/libm.a(libm_a-k_cos.o)
 .debug_info    0x0000e9e7      0x142 /usr/lib/gcc/arm-none-eabi/13.2.1/../../../arm-none-eabi/lib/thumb/v7-m/nofp/libm.a(libm_a-s_fabs.o)
 .debug_info    0x0000eb29       0xd3 /usr/lib/gcc/arm-none-eabi/13.2.1/thumb/v7-m/nofp/libgcc.a(_arm_addsubdf3.o)
 .debug_info    0x0000ebfc       0x57 /usr/lib/gcc/arm-none-eabi/13.2.1/thumb/v7-m/nofp/libgcc.a(_arm_muldivdf3.o)
 .debug_info    0x0000ec53       0xdf /usr/lib/gcc/arm-none-eabi/13.2.1/thumb/v7-m/nofp/libgcc.a(_arm_cmpdf2.o)
 .debug_info    0x0000ed32       0x3c /usr/lib/gcc/arm-none-eabi/13.2.1/thumb/v7-m/nofp/libgcc.a(_arm_fixdfsi.o)
 .debug_info    0x0000ed6e       0x3c /usr/lib/gcc/arm-none-eabi/13.2.1/thumb/v7-m/nofp/libgcc.a(_arm_fixunsdfsi.o)
 .debug_info    0x0000edaa      0x70b /usr/lib/gcc/arm-none-eabi/13.2.1/../../../arm-none-eabi/lib/thumb/v7-m/nofp/libg_nano.a(libc_a-impure.o)
 .debug_info    0x0000f4b5      0x135 /usr/lib/gcc/arm-none-eabi/13.2.1/../../../arm-none-eabi/lib/thumb/v7-m/nofp/libg_nano.a(libc_a-memset.o)
 .debug_info    0x0000f5ea      0xa30 /usr/lib/gcc/arm-none-eabi/13.2.1/../../../arm-none-eabi/lib/thumb/v7-m/nofp/libg_nano.a(libc_a-fflush.o)
 .debug_info    0x0001001a      0x87f /usr/lib/gcc/arm-none-eabi/13.2.1/../../../arm-none-eabi/lib/thumb/v7-m/nofp/libg_nano.a(libc_a-freer.o)
 .debug_info    0x00010899      0x7c8 /usr/lib/gcc/arm-none-eabi/13.2.1/../../../arm-none-eabi/lib/thumb/v7-m/nofp/libg_nano.a(libc_a-fwalk.o)
 .debug_info    0x00011061       0x33 /usr/lib/gcc/arm-none-eabi/13.2.1/../../../arm-none-eabi/lib/thumb/v7-m/nofp/libg_nano.a(libc_a-memcpy.o)
 .debug_info    0x00011094      0x71c /usr/lib/gcc/arm-none-eabi/13.2.1/../../../arm-none-eabi/lib/thumb/v7-m/nofp/libg_nano.a(libc_a-mlock.o)
 .debug_info    0x000117b0      0xe8c /usr/lib/gcc/arm-none-eabi/13.2.1/../../../arm-none-eabi/lib/thumb/v7-m/nofp/libg_nano.a(libc_a-findfp.o)
 .debug_info    0x0001263c      0x9b6 /usr/lib/gcc/arm-none-eabi/13.2.1/../../../arm-none-eabi/lib/thumb/v7-m/nofp/libg_nano.a(libc_a-mallocr.o)
 .debug_info    0x00012ff2      0x778 /usr/lib/gcc/arm-none-eabi/13.2.1/../../../arm-none-eabi/lib/thumb/v7-m/nofp/libg_nano.a(libc_a-sbrkr.o)
 .debug_info    0x0001376a      0xa80 /usr/lib/gcc/arm-none-eabi/13.2.1/../../../arm-none-eabi/lib/thumb/v7-m/nofp/libg_nano.a(libc_a-stdio.o)
 .debug_info    0x000141ea      0x752 /usr/lib/gcc/arm-none-eabi/13.2.1/../../../arm-none-eabi/lib/thumb/v7-m/nofp/libg_nano.a(libc_a-closer.o)
 .debug_info    0x0001493c      0x7b5 /usr/lib/gcc/arm-none-eabi/13.2.1/../../../arm-none-eabi/lib/thumb/v7-m/nofp/libg_nano.a(libc_a-readr.o)
 .debug_info    0x000150f1      0x89f /usr/lib/gcc/arm-none-eabi/13.2.1/../../../arm-none-eabi/lib/thumb/v7-m/nofp/libg_nano.a(libc_a-reent.o)
 .debug_info    0x00015990      0x79e /usr/lib/gcc/arm-none-eabi/13.2.1/../../../arm-none-eabi/lib/thumb/v7-m/nofp/libg_nano.a(libc_a-lseekr.o)
 .debug_info    0x0001612e      0x7bb /usr/lib/gcc/arm-none-eabi/13.2.1/../../../arm-none-eabi/lib/thumb/v7-m/nofp/libg_nano.a(libc_a-writer.o)
 .debug_info    0x000168e9       0xde /usr/lib/gcc/arm-none-eabi/13.2.1/../../../arm-none-eabi/lib/thumb/v7-m/nofp/libnosys.a(close.o)
 .debug_info    0x000169c7      0x100 /usr/lib/gcc/arm-none-eabi/13.2.1/../../../arm-none-eabi/lib/thumb/v7-m/nofp/libnosys.a(lseek.o)
 .debug_info    0x00016ac7      0x106 /usr/lib/gcc/arm-none-eabi/13.2.1/../../../arm-none-eabi/lib/thumb/v7-m/nofp/libnosys.a(read.o)
 .debug_info    0x00016bcd       0xac /usr/lib/gcc/arm-none-eabi/13.2.1/../../../arm-none-eabi/lib/thumb/v7-m/nofp/libnosys.a(sbrk.o)
 .debug_info    0x00016c79      0x106 /usr/lib/gcc/arm-none-eabi/13.2.1/../../../arm-none-eabi/lib/thumb/v7-m/nofp/libnosys.a(write.o)

.debug_abbrev   0x00000000     0x4e93
 .debug_abbrev  0x00000000      0x52b ./output/tasks.o
 .debug_abbrev  0x0000052b      0x105 ./output/list.o
 .debug_abbrev  0x00000630      0x443 ./output/queue.o
 .debug_abbrev  0x00000a73      0x474 ./output/timers.o
 .debug_abbrev  0x00000ee7      0x2e3 ./output/heap_4.o
 .debug_abbrev  0x000011ca      0x2c6 ./output/port.o
 .debug_abbrev  0x00001490      0x322 ./output/IntQueue.o
 .debug_abbrev  0x000017b2      0x22a ./output/IntQueueTimer.o
 .debug_abbrev  0x000019dc      0x36e ./output/main.o
 .debug_abbrev  0x00001d4a      0x29c ./output/startup_gcc.o
 .debug_abbrev  0x00001fe6      0x24c ./output/printf-stdarg.o
 .debug_abbrev  0x00002232      0x16c /usr/lib/gcc/arm-none-eabi/13.2.1/../../../arm-none-eabi/lib/thumb/v7-m/nofp/libm.a(libm_a-s_sin.o)
 .debug_abbrev  0x0000239e      0x1c2 /usr/lib/gcc/arm-none-eabi/13.2.1/../../../arm-none-eabi/lib/thumb/v7-m/nofp/libm.a(libm_a-e_rem_pio2.o)
 .debug_abbrev  0x00002560      0x184 /usr/lib/gcc/arm-none-eabi/13.2.1/../../../arm-none-eabi/lib/thumb/v7-m/nofp/libm.a(libm_a-k_rem_pio2.o)
 .debug_abbrev  0x000026e4      0x167 /usr/lib/gcc/arm-none-eabi/13.2.1/../../../arm-none-eabi/lib/thumb/v7-m/nofp/libm.a(libm_a-s_scalbn.o)
 .debug_abbrev  0x0000284b      0x13a /usr/lib/gcc/arm-none-eabi/13.2.1/../../../arm-none-eabi/lib/thumb/v7-m/nofp/libm.a(libm_a-k_sin.o)
 .debug_abbrev  0x00002985      0x12a /usr/lib/gcc/arm-none-eabi/13.2.1/../../../arm-none-eabi/lib/thumb/v7-m/nofp/libm.a(libm_a-s_floor.o)
 .debug_abbrev  0x00002aaf      0x134 /usr/lib/gcc/arm-none-eabi/13.2.1/../../../arm-none-eabi/lib/thumb/v7-m/nofp/libm.a(libm_a-k_cos.o)
 .debug_abbrev  0x00002be3       0xd8 /usr/lib/gcc/arm-none-eabi/13.2.1/../../../arm-none-eabi/lib/thumb/v7-m/nofp/libm.a(libm_a-s_fabs.o)
 .debug_abbrev  0x00002cbb       0x28 /usr/lib/gcc/arm-none-eabi/13.2.1/thumb/v7-m/nofp/libgcc.a(_arm_addsubdf3.o)
 .debug_abbrev  0x00002ce3       0x28 /usr/lib/gcc/arm-none-eabi/13.2.1/thumb/v7-m/nofp/libgcc.a(_arm_muldivdf3.o)
 .debug_abbrev  0x00002d0b       0x28 /usr/lib/gcc/arm-none-eabi/13.2.1/thumb/v7-m/nofp/libgcc.a(_arm_cmpdf2.o)
 .debug_abbrev  0x00002d33       0x28 /usr/lib/gcc/arm-none-eabi/13.2.1/thumb/v7-m/nofp/libgcc.a(_arm_fixdfsi.o)
 .debug_abbrev  0x00002d5b       0x28 /usr/lib/gcc/arm-none-eabi/13.2.1/thumb/v7-m/nofp/libgcc.a(_arm_fixunsdfsi.o)
 .debug_abbrev  0x00002d83      0x149 /usr/lib/gcc/arm-none-eabi/13.2.1/../../../arm-none-eabi/lib/thumb/v7-m/nofp/libg_nano.a(libc_a-impure.o)
 .debug_abbrev  0x00002ecc       0xb7 /usr/lib/gcc/arm-none-eabi/13.2.1/../../../arm-none-eabi/lib/thumb/v7-m/nofp/libg_nano.a(libc_a-memset.o)
 .debug_abbrev  0x00002f83      0x2e1 /usr/lib/gcc/arm-none-eabi/13.2.1/../../../arm-none-eabi/lib/thumb/v7-m/nofp/libg_nano.a(libc_a-fflush.o)
 .debug_abbrev  0x00003264      0x249 /usr/lib/gcc/arm-none-eabi/13.2.1/../../../arm-none-eabi/lib/thumb/v7-m/nofp/libg_nano.a(libc_a-freer.o)
 .debug_abbrev  0x000034ad      0x19b /usr/lib/gcc/arm-none-eabi/13.2.1/../../../arm-none-eabi/lib/thumb/v7-m/nofp/libg_nano.a(libc_a-fwalk.o)
 .debug_abbrev  0x00003648       0x28 /usr/lib/gcc/arm-none-eabi/13.2.1/../../../arm-none-eabi/lib/thumb/v7-m/nofp/libg_nano.a(libc_a-memcpy.o)
 .debug_abbrev  0x00003670      0x192 /usr/lib/gcc/arm-none-eabi/13.2.1/../../../arm-none-eabi/lib/thumb/v7-m/nofp/libg_nano.a(libc_a-mlock.o)
 .debug_abbrev  0x00003802      0x408 /usr/lib/gcc/arm-none-eabi/13.2.1/../../../arm-none-eabi/lib/thumb/v7-m/nofp/libg_nano.a(libc_a-findfp.o)
 .debug_abbrev  0x00003c0a      0x24a /usr/lib/gcc/arm-none-eabi/13.2.1/../../../arm-none-eabi/lib/thumb/v7-m/nofp/libg_nano.a(libc_a-mallocr.o)
 .debug_abbrev  0x00003e54      0x1da /usr/lib/gcc/arm-none-eabi/13.2.1/../../../arm-none-eabi/lib/thumb/v7-m/nofp/libg_nano.a(libc_a-sbrkr.o)
 .debug_abbrev  0x0000402e      0x224 /usr/lib/gcc/arm-none-eabi/13.2.1/../../../arm-none-eabi/lib/thumb/v7-m/nofp/libg_nano.a(libc_a-stdio.o)
 .debug_abbrev  0x00004252      0x1b0 /usr/lib/gcc/arm-none-eabi/13.2.1/../../../arm-none-eabi/lib/thumb/v7-m/nofp/libg_nano.a(libc_a-closer.o)
 .debug_abbrev  0x00004402      0x1b0 /usr/lib/gcc/arm-none-eabi/13.2.1/../../../arm-none-eabi/lib/thumb/v7-m/nofp/libg_nano.a(libc_a-readr.o)
 .debug_abbrev  0x000045b2      0x1ee /usr/lib/gcc/arm-none-eabi/13.2.1/../../../arm-none-eabi/lib/thumb/v7-m/nofp/libg_nano.a(libc_a-reent.o)
 .debug_abbrev  0x000047a0      0x1c4 /usr/lib/gcc/arm-none-eabi/13.2.1/../../../arm-none-eabi/lib/thumb/v7-m/nofp/libg_nano.a(libc_a-lseekr.o)
 .debug_abbrev  0x00004964      0x1b5 /usr/lib/gcc/arm-none-eabi/13.2.1/../../../arm-none-eabi/lib/thumb/v7-m/nofp/libg_nano.a(libc_a-writer.o)
 .debug_abbrev  0x00004b19       0x96 /usr/lib/gcc/arm-none-eabi/13.2.1/../../../arm-none-eabi/lib/thumb/v7-m/nofp/libnosys.a(close.o)
 .debug_abbrev  0x00004baf       0xbb /usr/lib/gcc/arm-none-eabi/13.2.1/../../../arm-none-eabi/lib/thumb/v7-m/nofp/libnosys.a(lseek.o)
 .debug_abbrev  0x00004c6a       0xc4 /usr/lib/gcc/arm-none-eabi/13.2.1/../../../arm-none-eabi/lib/thumb/v7-m/nofp/libnosys.a(read.o)
 .debug_abbrev  0x00004d2e       0xa1 /usr/lib/gcc/arm-none-eabi/13.2.1/../../../arm-none-eabi/lib/thumb/v7-m/nofp/libnosys.a(sbrk.o)
 .debug_abbrev  0x00004dcf       0xc4 /usr/lib/gcc/arm-none-eabi/13.2.1/../../../arm-none-eabi/lib/thumb/v7-m/nofp/libnosys.a(write.o)

.debug_loclists
                0x00000000     0x740b
 .debug_loclists
                0x00000000     0x1c64 ./output/tasks.o
 .debug_loclists
                0x00001c64       0x77 ./output/list.o
 .debug_loclists
                0x00001cdb     0x142d ./output/queue.o
 .debug_loclists
                0x00003108      0xb8e ./output/timers.o
 .debug_loclists
                0x00003c96      0x392 ./output/heap_4.o
 .debug_loclists
                0x00004028       0xaf ./output/port.o
 .debug_loclists
                0x000040d7      0x359 ./output/IntQueue.o
 .debug_loclists
                0x00004430       0x6c ./output/IntQueueTimer.o
 .debug_loclists
                0x0000449c      0x257 ./output/main.o
 .debug_loclists
                0x000046f3       0x29 ./output/startup_gcc.o
 .debug_loclists
                0x0000471c      0x697 ./output/printf-stdarg.o
 .debug_loclists
                0x00004db3       0x92 /usr/lib/gcc/arm-none-eabi/13.2.1/../../../arm-none-eabi/lib/thumb/v7-m/nofp/libm.a(libm_a-s_sin.o)
 .debug_loclists
                0x00004e45      0x41b /usr/lib/gcc/arm-none-eabi/13.2.1/../../../arm-none-eabi/lib/thumb/v7-m/nofp/libm.a(libm_a-e_rem_pio2.o)
 .debug_loclists
                0x00005260      0xae6 /usr/lib/gcc/arm-none-eabi/13.2.1/../../../arm-none-eabi/lib/thumb/v7-m/nofp/libm.a(libm_a-k_rem_pio2.o)
 .debug_loclists
                0x00005d46      0x16b /usr/lib/gcc/arm-none-eabi/13.2.1/../../../arm-none-eabi/lib/thumb/v7-m/nofp/libm.a(libm_a-s_scalbn.o)
 .debug_loclists
                0x00005eb1       0xdd /usr/lib/gcc/arm-none-eabi/13.2.1/../../../arm-none-eabi/lib/thumb/v7-m/nofp/libm.a(libm_a-k_sin.o)
 .debug_loclists
                0x00005f8e      0x193 /usr/lib/gcc/arm-none-eabi/13.2.1/../../../arm-none-eabi/lib/thumb/v7-m/nofp/libm.a(libm_a-s_floor.o)
 .debug_loclists
                0x00006121      0x1ca /usr/lib/gcc/arm-none-eabi/13.2.1/../../../arm-none-eabi/lib/thumb/v7-m/nofp/libm.a(libm_a-k_cos.o)
 .debug_loclists
                0x000062eb       0x19 /usr/lib/gcc/arm-none-eabi/13.2.1/../../../arm-none-eabi/lib/thumb/v7-m/nofp/libm.a(libm_a-s_fabs.o)
 .debug_loclists
                0x00006304      0x1d7 /usr/lib/gcc/arm-none-eabi/13.2.1/../../../arm-none-eabi/lib/thumb/v7-m/nofp/libg_nano.a(libc_a-memset.o)
 .debug_loclists
                0x000064db      0x2f2 /usr/lib/gcc/arm-none-eabi/13.2.1/../../../arm-none-eabi/lib/thumb/v7-m/nofp/libg_nano.a(libc_a-fflush.o)
 .debug_loclists
                0x000067cd      0x164 /usr/lib/gcc/arm-none-eabi/13.2.1/../../../arm-none-eabi/lib/thumb/v7-m/nofp/libg_nano.a(libc_a-freer.o)
 .debug_loclists
                0x00006931       0x79 /usr/lib/gcc/arm-none-eabi/13.2.1/../../../arm-none-eabi/lib/thumb/v7-m/nofp/libg_nano.a(libc_a-fwalk.o)
 .debug_loclists
                0x000069aa      0x1d0 /usr/lib/gcc/arm-none-eabi/13.2.1/../../../arm-none-eabi/lib/thumb/v7-m/nofp/libg_nano.a(libc_a-findfp.o)
 .debug_loclists
                0x00006b7a      0x273 /usr/lib/gcc/arm-none-eabi/13.2.1/../../../arm-none-eabi/lib/thumb/v7-m/nofp/libg_nano.a(libc_a-mallocr.o)
 .debug_loclists
                0x00006ded       0x4b /usr/lib/gcc/arm-none-eabi/13.2.1/../../../arm-none-eabi/lib/thumb/v7-m/nofp/libg_nano.a(libc_a-sbrkr.o)
 .debug_loclists
                0x00006e38      0x23b /usr/lib/gcc/arm-none-eabi/13.2.1/../../../arm-none-eabi/lib/thumb/v7-m/nofp/libg_nano.a(libc_a-stdio.o)
 .debug_loclists
                0x00007073       0x4b /usr/lib/gcc/arm-none-eabi/13.2.1/../../../arm-none-eabi/lib/thumb/v7-m/nofp/libg_nano.a(libc_a-closer.o)
 .debug_loclists
                0x000070be       0x97 /usr/lib/gcc/arm-none-eabi/13.2.1/../../../arm-none-eabi/lib/thumb/v7-m/nofp/libg_nano.a(libc_a-readr.o)
 .debug_loclists
                0x00007155       0x80 /usr/lib/gcc/arm-none-eabi/13.2.1/../../../arm-none-eabi/lib/thumb/v7-m/nofp/libg_nano.a(libc_a-reent.o)
 .debug_loclists
                0x000071d5       0x97 /usr/lib/gcc/arm-none-eabi/13.2.1/../../../arm-none-eabi/lib/thumb/v7-m/nofp/libg_nano.a(libc_a-lseekr.o)
 .debug_loclists
                0x0000726c       0x97 /usr/lib/gcc/arm-none-eabi/13.2.1/../../../arm-none-eabi/lib/thumb/v7-m/nofp/libg_nano.a(libc_a-writer.o)
 .debug_loclists
                0x00007303       0x24 /usr/lib/gcc/arm-none-eabi/13.2.1/../../../arm-none-eabi/lib/thumb/v7-m/nofp/libnosys.a(close.o)
 .debug_loclists
                0x00007327       0x3c /usr/lib/gcc/arm-none-eabi/13.2.1/../../../arm-none-eabi/lib/thumb/v7-m/nofp/libnosys.a(lseek.o)
 .debug_loclists
                0x00007363       0x3c /usr/lib/gcc/arm-none-eabi/13.2.1/../../../arm-none-eabi/lib/thumb/v7-m/nofp/libnosys.a(read.o)
 .debug_loclists
                0x0000739f       0x30 /usr/lib/gcc/arm-none-eabi/13.2.1/../../../arm-none-eabi/lib/thumb/v7-m/nofp/libnosys.a(sbrk.o)
 .debug_loclists
                0x000073cf       0x3c /usr/lib/gcc/arm-none-eabi/13.2.1/../../../arm-none-eabi/lib/thumb/v7-m/nofp/libnosys.a(write.o)

.debug_aranges  0x00000000      0xb70
 .debug_aranges
                0x00000000      0x220 ./output/tasks.o
 .debug_aranges
                0x00000220       0x40 ./output/list.o
 .debug_aranges
                0x00000260      0x168 ./output/queue.o
 .debug_aranges
                0x000003c8       0xe0 ./output/timers.o
 .debug_aranges
                0x000004a8       0x58 ./output/heap_4.o
 .debug_aranges
                0x00000500       0x78 ./output/port.o
 .debug_aranges
                0x00000578       0x70 ./output/IntQueue.o
 .debug_aranges
                0x000005e8       0x30 ./output/IntQueueTimer.o
 .debug_aranges
                0x00000618       0x90 ./output/main.o
 .debug_aranges
                0x000006a8       0x38 ./output/startup_gcc.o
 .debug_aranges
                0x000006e0       0x58 ./output/printf-stdarg.o
 .debug_aranges
                0x00000738       0x20 /usr/lib/gcc/arm-none-eabi/13.2.1/../../../arm-none-eabi/lib/thumb/v7-m/nofp/libm.a(libm_a-s_sin.o)
 .debug_aranges
                0x00000758       0x20 /usr/lib/gcc/arm-none-eabi/13.2.1/../../../arm-none-eabi/lib/thumb/v7-m/nofp/libm.a(libm_a-e_rem_pio2.o)
 .debug_aranges
                0x00000778       0x20 /usr/lib/gcc/arm-none-eabi/13.2.1/../../../arm-none-eabi/lib/thumb/v7-m/nofp/libm.a(libm_a-k_rem_pio2.o)
 .debug_aranges
                0x00000798       0x20 /usr/lib/gcc/arm-none-eabi/13.2.1/../../../arm-none-eabi/lib/thumb/v7-m/nofp/libm.a(libm_a-s_scalbn.o)
 .debug_aranges
                0x000007b8       0x20 /usr/lib/gcc/arm-none-eabi/13.2.1/../../../arm-none-eabi/lib/thumb/v7-m/nofp/libm.a(libm_a-k_sin.o)
 .debug_aranges
                0x000007d8       0x20 /usr/lib/gcc/arm-none-eabi/13.2.1/../../../arm-none-eabi/lib/thumb/v7-m/nofp/libm.a(libm_a-s_floor.o)
 .debug_aranges
                0x000007f8       0x20 /usr/lib/gcc/arm-none-eabi/13.2.1/../../../arm-none-eabi/lib/thumb/v7-m/nofp/libm.a(libm_a-k_cos.o)
 .debug_aranges
                0x00000818       0x20 /usr/lib/gcc/arm-none-eabi/13.2.1/../../../arm-none-eabi/lib/thumb/v7-m/nofp/libm.a(libm_a-s_fabs.o)
 .debug_aranges
                0x00000838       0x20 /usr/lib/gcc/arm-none-eabi/13.2.1/thumb/v7-m/nofp/libgcc.a(_arm_addsubdf3.o)
 .debug_aranges
                0x00000858       0x20 /usr/lib/gcc/arm-none-eabi/13.2.1/thumb/v7-m/nofp/libgcc.a(_arm_muldivdf3.o)
 .debug_aranges
                0x00000878       0x20 /usr/lib/gcc/arm-none-eabi/13.2.1/thumb/v7-m/nofp/libgcc.a(_arm_cmpdf2.o)
 .debug_aranges
                0x00000898       0x20 /usr/lib/gcc/arm-none-eabi/13.2.1/thumb/v7-m/nofp/libgcc.a(_arm_fixdfsi.o)
 .debug_aranges
                0x000008b8       0x20 /usr/lib/gcc/arm-none-eabi/13.2.1/thumb/v7-m/nofp/libgcc.a(_arm_fixunsdfsi.o)
 .debug_aranges
                0x000008d8       0x18 /usr/lib/gcc/arm-none-eabi/13.2.1/../../../arm-none-eabi/lib/thumb/v7-m/nofp/libg_nano.a(libc_a-impure.o)
 .debug_aranges
                0x000008f0       0x20 /usr/lib/gcc/arm-none-eabi/13.2.1/../../../arm-none-eabi/lib/thumb/v7-m/nofp/libg_nano.a(libc_a-memset.o)
 .debug_aranges
                0x00000910       0x20 /usr/lib/gcc/arm-none-eabi/13.2.1/../../../arm-none-eabi/lib/thumb/v7-m/nofp/libg_nano.a(libc_a-fflush.o)
 .debug_aranges
                0x00000930       0x20 /usr/lib/gcc/arm-none-eabi/13.2.1/../../../arm-none-eabi/lib/thumb/v7-m/nofp/libg_nano.a(libc_a-freer.o)
 .debug_aranges
                0x00000950       0x20 /usr/lib/gcc/arm-none-eabi/13.2.1/../../../arm-none-eabi/lib/thumb/v7-m/nofp/libg_nano.a(libc_a-fwalk.o)
 .debug_aranges
                0x00000970       0x20 /usr/lib/gcc/arm-none-eabi/13.2.1/../../../arm-none-eabi/lib/thumb/v7-m/nofp/libg_nano.a(libc_a-memcpy.o)
 .debug_aranges
                0x00000990       0x20 /usr/lib/gcc/arm-none-eabi/13.2.1/../../../arm-none-eabi/lib/thumb/v7-m/nofp/libg_nano.a(libc_a-mlock.o)
 .debug_aranges
                0x000009b0       0x20 /usr/lib/gcc/arm-none-eabi/13.2.1/../../../arm-none-eabi/lib/thumb/v7-m/nofp/libg_nano.a(libc_a-findfp.o)
 .debug_aranges
                0x000009d0       0x20 /usr/lib/gcc/arm-none-eabi/13.2.1/../../../arm-none-eabi/lib/thumb/v7-m/nofp/libg_nano.a(libc_a-mallocr.o)
 .debug_aranges
                0x000009f0       0x20 /usr/lib/gcc/arm-none-eabi/13.2.1/../../../arm-none-eabi/lib/thumb/v7-m/nofp/libg_nano.a(libc_a-sbrkr.o)
 .debug_aranges
                0x00000a10       0x20 /usr/lib/gcc/arm-none-eabi/13.2.1/../../../arm-none-eabi/lib/thumb/v7-m/nofp/libg_nano.a(libc_a-stdio.o)
 .debug_aranges
                0x00000a30       0x20 /usr/lib/gcc/arm-none-eabi/13.2.1/../../../arm-none-eabi/lib/thumb/v7-m/nofp/libg_nano.a(libc_a-closer.o)
 .debug_aranges
                0x00000a50       0x20 /usr/lib/gcc/arm-none-eabi/13.2.1/../../../arm-none-eabi/lib/thumb/v7-m/nofp/libg_nano.a(libc_a-readr.o)
 .debug_aranges
                0x00000a70       0x20 /usr/lib/gcc/arm-none-eabi/13.2.1/../../../arm-none-eabi/lib/thumb/v7-m/nofp/libg_nano.a(libc_a-reent.o)
 .debug_aranges
                0x00000a90       0x20 /usr/lib/gcc/arm-none-eabi/13.2.1/../../../arm-none-eabi/lib/thumb/v7-m/nofp/libg_nano.a(libc_a-lseekr.o)
 .debug_aranges
                0x00000ab0       0x20 /usr/lib/gcc/arm-none-eabi/13.2.1/../../../arm-none-eabi/lib/thumb/v7-m/nofp/libg_nano.a(libc_a-writer.o)
 .debug_aranges
                0x00000ad0       0x20 /usr/lib/gcc/arm-none-eabi/13.2.1/../../../arm-none-eabi/lib/thumb/v7-m/nofp/libnosys.a(close.o)
 .debug_aranges
                0x00000af0       0x20 /usr/lib/gcc/arm-none-eabi/13.2.1/../../../arm-none-eabi/lib/thumb/v7-m/nofp/libnosys.a(lseek.o)
 .debug_aranges
                0x00000b10       0x20 /usr/lib/gcc/arm-none-eabi/13.2.1/../../../arm-none-eabi/lib/thumb/v7-m/nofp/libnosys.a(read.o)
 .debug_aranges
                0x00000b30       0x20 /usr/lib/gcc/arm-none-eabi/13.2.1/../../../arm-none-eabi/lib/thumb/v7-m/nofp/libnosys.a(sbrk.o)
 .debug_aranges
                0x00000b50       0x20 /usr/lib/gcc/arm-none-eabi/13.2.1/../../../arm-none-eabi/lib/thumb/v7-m/nofp/libnosys.a(write.o)

.debug_rnglists
                0x00000000      0xa90
 .debug_rnglists
                0x00000000      0x326 ./output/tasks.o
 .debug_rnglists
                0x00000326       0x2b ./output/list.o
 .debug_rnglists
                0x00000351      0x1e7 ./output/queue.o
 .debug_rnglists
                0x00000538      0x115 ./output/timers.o
 .debug_rnglists
                0x0000064d       0x63 ./output/heap_4.o
 .debug_rnglists
                0x000006b0       0x7c ./output/port.o
 .debug_rnglists
                0x0000072c       0x82 ./output/IntQueue.o
 .debug_rnglists
                0x000007ae       0x1f ./output/IntQueueTimer.o
 .debug_rnglists
                0x000007cd       0xc3 ./output/main.o
 .debug_rnglists
                0x00000890       0x25 ./output/startup_gcc.o
 .debug_rnglists
                0x000008b5       0x4c ./output/printf-stdarg.o
 .debug_rnglists
                0x00000901       0x2c /usr/lib/gcc/arm-none-eabi/13.2.1/../../../arm-none-eabi/lib/thumb/v7-m/nofp/libm.a(libm_a-e_rem_pio2.o)
 .debug_rnglists
                0x0000092d       0x24 /usr/lib/gcc/arm-none-eabi/13.2.1/../../../arm-none-eabi/lib/thumb/v7-m/nofp/libm.a(libm_a-s_scalbn.o)
 .debug_rnglists
                0x00000951       0x24 /usr/lib/gcc/arm-none-eabi/13.2.1/../../../arm-none-eabi/lib/thumb/v7-m/nofp/libm.a(libm_a-s_floor.o)
 .debug_rnglists
                0x00000975       0x17 /usr/lib/gcc/arm-none-eabi/13.2.1/../../../arm-none-eabi/lib/thumb/v7-m/nofp/libm.a(libm_a-k_cos.o)
 .debug_rnglists
                0x0000098c       0x58 /usr/lib/gcc/arm-none-eabi/13.2.1/../../../arm-none-eabi/lib/thumb/v7-m/nofp/libg_nano.a(libc_a-fflush.o)
 .debug_rnglists
                0x000009e4       0x13 /usr/lib/gcc/arm-none-eabi/13.2.1/../../../arm-none-eabi/lib/thumb/v7-m/nofp/libg_nano.a(libc_a-freer.o)
 .debug_rnglists
                0x000009f7       0x7a /usr/lib/gcc/arm-none-eabi/13.2.1/../../../arm-none-eabi/lib/thumb/v7-m/nofp/libg_nano.a(libc_a-findfp.o)
 .debug_rnglists
                0x00000a71       0x1f /usr/lib/gcc/arm-none-eabi/13.2.1/../../../arm-none-eabi/lib/thumb/v7-m/nofp/libg_nano.a(libc_a-mallocr.o)

.debug_macro    0x00000000     0x6352
 .debug_macro   0x00000000      0x289 ./output/tasks.o
 .debug_macro   0x00000289      0xac0 ./output/tasks.o
 .debug_macro   0x00000d49       0x24 ./output/tasks.o
 .debug_macro   0x00000d6d       0x22 ./output/tasks.o
 .debug_macro   0x00000d8f       0x60 ./output/tasks.o
 .debug_macro   0x00000def       0x94 ./output/tasks.o
 .debug_macro   0x00000e83       0x3c ./output/tasks.o
 .debug_macro   0x00000ebf       0x34 ./output/tasks.o
 .debug_macro   0x00000ef3       0x16 ./output/tasks.o
 .debug_macro   0x00000f09      0x11c ./output/tasks.o
 .debug_macro   0x00001025       0x9b ./output/tasks.o
 .debug_macro   0x000010c0       0x57 ./output/tasks.o
 .debug_macro   0x00001117      0x370 ./output/tasks.o
 .debug_macro   0x00001487       0x16 ./output/tasks.o
 .debug_macro   0x0000149d       0x4a ./output/tasks.o
 .debug_macro   0x000014e7       0x34 ./output/tasks.o
 .debug_macro   0x0000151b       0x10 ./output/tasks.o
 .debug_macro   0x0000152b       0x52 ./output/tasks.o
 .debug_macro   0x0000157d      0x1de ./output/tasks.o
 .debug_macro   0x0000175b       0x16 ./output/tasks.o
 .debug_macro   0x00001771       0x29 ./output/tasks.o
 .debug_macro   0x0000179a       0x16 ./output/tasks.o
 .debug_macro   0x000017b0       0x3c ./output/tasks.o
 .debug_macro   0x000017ec      0x34e ./output/tasks.o
 .debug_macro   0x00001b3a       0x16 ./output/tasks.o
 .debug_macro   0x00001b50      0x164 ./output/tasks.o
 .debug_macro   0x00001cb4       0x1c ./output/tasks.o
 .debug_macro   0x00001cd0      0x182 ./output/tasks.o
 .debug_macro   0x00001e52       0xe7 ./output/tasks.o
 .debug_macro   0x00001f39       0x2e ./output/tasks.o
 .debug_macro   0x00001f67       0x1f ./output/tasks.o
 .debug_macro   0x00001f86       0x12 ./output/tasks.o
 .debug_macro   0x00001f98      0xfde ./output/tasks.o
 .debug_macro   0x00002f76       0xc3 ./output/tasks.o
 .debug_macro   0x00003039      0x14f ./output/tasks.o
 .debug_macro   0x00003188       0x98 ./output/tasks.o
 .debug_macro   0x00003220       0x16 ./output/tasks.o
 .debug_macro   0x00003236      0x171 ./output/list.o
 .debug_macro   0x000033a7      0x203 ./output/queue.o
 .debug_macro   0x000035aa       0x8e ./output/queue.o
 .debug_macro   0x00003638      0x1c0 ./output/timers.o
 .debug_macro   0x000037f8       0x9e ./output/timers.o
 .debug_macro   0x00003896      0x201 ./output/heap_4.o
 .debug_macro   0x00003a97      0x162 ./output/port.o
 .debug_macro   0x00003bf9      0x1fa ./output/IntQueue.o
 .debug_macro   0x00003df3       0xfc ./output/IntQueueTimer.o
 .debug_macro   0x00003eef       0x22 ./output/IntQueueTimer.o
 .debug_macro   0x00003f11       0x1c ./output/IntQueueTimer.o
 .debug_macro   0x00003f2d       0x22 ./output/IntQueueTimer.o
 .debug_macro   0x00003f4f       0xd6 ./output/IntQueueTimer.o
 .debug_macro   0x00004025      0xe2d ./output/IntQueueTimer.o
 .debug_macro   0x00004e52      0x11f ./output/IntQueueTimer.o
 .debug_macro   0x00004f71      0x7b3 ./output/IntQueueTimer.o
 .debug_macro   0x00005724      0x4a6 ./output/IntQueueTimer.o
 .debug_macro   0x00005bca      0x398 ./output/main.o
 .debug_macro   0x00005f62       0x94 ./output/main.o
 .debug_macro   0x00005ff6      0x19b ./output/main.o
 .debug_macro   0x00006191       0x22 ./output/main.o
 .debug_macro   0x000061b3      0x109 ./output/startup_gcc.o
 .debug_macro   0x000062bc       0x3e ./output/printf-stdarg.o
 .debug_macro   0x000062fa       0x58 ./output/printf-stdarg.o

.debug_line     0x00000000     0xd53d
 .debug_line    0x00000000     0x2d5a ./output/tasks.o
 .debug_line    0x00002d5a      0x45a ./output/list.o
 .debug_line    0x000031b4     0x1ec5 ./output/queue.o
 .debug_line    0x00005079      0xe48 ./output/timers.o
 .debug_line    0x00005ec1      0x84a ./output/heap_4.o
 .debug_line    0x0000670b      0x51f ./output/port.o
 .debug_line    0x00006c2a      0xeb4 ./output/IntQueue.o
 .debug_line    0x00007ade      0x3cd ./output/IntQueueTimer.o
 .debug_line    0x00007eab      0x989 ./output/main.o
 .debug_line    0x00008834      0x22d ./output/startup_gcc.o
 .debug_line    0x00008a61      0x525 ./output/printf-stdarg.o
 .debug_line    0x00008f86      0x1d6 /usr/lib/gcc/arm-none-eabi/13.2.1/../../../arm-none-eabi/lib/thumb/v7-m/nofp/libm.a(libm_a-s_sin.o)
 .debug_line    0x0000915c      0x4ef /usr/lib/gcc/arm-none-eabi/13.2.1/../../../arm-none-eabi/lib/thumb/v7-m/nofp/libm.a(libm_a-e_rem_pio2.o)
 .debug_line    0x0000964b      0xa6e /usr/lib/gcc/arm-none-eabi/13.2.1/../../../arm-none-eabi/lib/thumb/v7-m/nofp/libm.a(libm_a-k_rem_pio2.o)
 .debug_line    0x0000a0b9      0x244 /usr/lib/gcc/arm-none-eabi/13.2.1/../../../arm-none-eabi/lib/thumb/v7-m/nofp/libm.a(libm_a-s_scalbn.o)
 .debug_line    0x0000a2fd      0x1b4 /usr/lib/gcc/arm-none-eabi/13.2.1/../../../arm-none-eabi/lib/thumb/v7-m/nofp/libm.a(libm_a-k_sin.o)
 .debug_line    0x0000a4b1      0x2d7 /usr/lib/gcc/arm-none-eabi/13.2.1/../../../arm-none-eabi/lib/thumb/v7-m/nofp/libm.a(libm_a-s_floor.o)
 .debug_line    0x0000a788      0x21f /usr/lib/gcc/arm-none-eabi/13.2.1/../../../arm-none-eabi/lib/thumb/v7-m/nofp/libm.a(libm_a-k_cos.o)
 .debug_line    0x0000a9a7      0x14b /usr/lib/gcc/arm-none-eabi/13.2.1/../../../arm-none-eabi/lib/thumb/v7-m/nofp/libm.a(libm_a-s_fabs.o)
 .debug_line    0x0000aaf2      0x16f /usr/lib/gcc/arm-none-eabi/13.2.1/thumb/v7-m/nofp/libgcc.a(_arm_addsubdf3.o)
 .debug_line    0x0000ac61      0x184 /usr/lib/gcc/arm-none-eabi/13.2.1/thumb/v7-m/nofp/libgcc.a(_arm_muldivdf3.o)
 .debug_line    0x0000ade5       0xa6 /usr/lib/gcc/arm-none-eabi/13.2.1/thumb/v7-m/nofp/libgcc.a(_arm_cmpdf2.o)
 .debug_line    0x0000ae8b       0x62 /usr/lib/gcc/arm-none-eabi/13.2.1/thumb/v7-m/nofp/libgcc.a(_arm_fixdfsi.o)
 .debug_line    0x0000aeed       0x5e /usr/lib/gcc/arm-none-eabi/13.2.1/thumb/v7-m/nofp/libgcc.a(_arm_fixunsdfsi.o)
 .debug_line    0x0000af4b       0xe7 /usr/lib/gcc/arm-none-eabi/13.2.1/../../../arm-none-eabi/lib/thumb/v7-m/nofp/libg_nano.a(libc_a-impure.o)
 .debug_line    0x0000b032      0x1b1 /usr/lib/gcc/arm-none-eabi/13.2.1/../../../arm-none-eabi/lib/thumb/v7-m/nofp/libg_nano.a(libc_a-memset.o)
 .debug_line    0x0000b1e3      0x456 /usr/lib/gcc/arm-none-eabi/13.2.1/../../../arm-none-eabi/lib/thumb/v7-m/nofp/libg_nano.a(libc_a-fflush.o)
 .debug_line    0x0000b639      0x2c8 /usr/lib/gcc/arm-none-eabi/13.2.1/../../../arm-none-eabi/lib/thumb/v7-m/nofp/libg_nano.a(libc_a-freer.o)
 .debug_line    0x0000b901      0x1c9 /usr/lib/gcc/arm-none-eabi/13.2.1/../../../arm-none-eabi/lib/thumb/v7-m/nofp/libg_nano.a(libc_a-fwalk.o)
 .debug_line    0x0000baca       0xbd /usr/lib/gcc/arm-none-eabi/13.2.1/../../../arm-none-eabi/lib/thumb/v7-m/nofp/libg_nano.a(libc_a-memcpy.o)
 .debug_line    0x0000bb87      0x153 /usr/lib/gcc/arm-none-eabi/13.2.1/../../../arm-none-eabi/lib/thumb/v7-m/nofp/libg_nano.a(libc_a-mlock.o)
 .debug_line    0x0000bcda      0x51f /usr/lib/gcc/arm-none-eabi/13.2.1/../../../arm-none-eabi/lib/thumb/v7-m/nofp/libg_nano.a(libc_a-findfp.o)
 .debug_line    0x0000c1f9      0x45c /usr/lib/gcc/arm-none-eabi/13.2.1/../../../arm-none-eabi/lib/thumb/v7-m/nofp/libg_nano.a(libc_a-mallocr.o)
 .debug_line    0x0000c655      0x196 /usr/lib/gcc/arm-none-eabi/13.2.1/../../../arm-none-eabi/lib/thumb/v7-m/nofp/libg_nano.a(libc_a-sbrkr.o)
 .debug_line    0x0000c7eb      0x22b /usr/lib/gcc/arm-none-eabi/13.2.1/../../../arm-none-eabi/lib/thumb/v7-m/nofp/libg_nano.a(libc_a-stdio.o)
 .debug_line    0x0000ca16      0x196 /usr/lib/gcc/arm-none-eabi/13.2.1/../../../arm-none-eabi/lib/thumb/v7-m/nofp/libg_nano.a(libc_a-closer.o)
 .debug_line    0x0000cbac      0x19c /usr/lib/gcc/arm-none-eabi/13.2.1/../../../arm-none-eabi/lib/thumb/v7-m/nofp/libg_nano.a(libc_a-readr.o)
 .debug_line    0x0000cd48      0x27b /usr/lib/gcc/arm-none-eabi/13.2.1/../../../arm-none-eabi/lib/thumb/v7-m/nofp/libg_nano.a(libc_a-reent.o)
 .debug_line    0x0000cfc3      0x19d /usr/lib/gcc/arm-none-eabi/13.2.1/../../../arm-none-eabi/lib/thumb/v7-m/nofp/libg_nano.a(libc_a-lseekr.o)
 .debug_line    0x0000d160      0x19d /usr/lib/gcc/arm-none-eabi/13.2.1/../../../arm-none-eabi/lib/thumb/v7-m/nofp/libg_nano.a(libc_a-writer.o)
 .debug_line    0x0000d2fd       0x72 /usr/lib/gcc/arm-none-eabi/13.2.1/../../../arm-none-eabi/lib/thumb/v7-m/nofp/libnosys.a(close.o)
 .debug_line    0x0000d36f       0x73 /usr/lib/gcc/arm-none-eabi/13.2.1/../../../arm-none-eabi/lib/thumb/v7-m/nofp/libnosys.a(lseek.o)
 .debug_line    0x0000d3e2       0x72 /usr/lib/gcc/arm-none-eabi/13.2.1/../../../arm-none-eabi/lib/thumb/v7-m/nofp/libnosys.a(read.o)
 .debug_line    0x0000d454       0x76 /usr/lib/gcc/arm-none-eabi/13.2.1/../../../arm-none-eabi/lib/thumb/v7-m/nofp/libnosys.a(sbrk.o)
 .debug_line    0x0000d4ca       0x73 /usr/lib/gcc/arm-none-eabi/13.2.1/../../../arm-none-eabi/lib/thumb/v7-m/nofp/libnosys.a(write.o)

.debug_str      0x00000000    0x25918
 .debug_str     0x00000000    0x25918 ./output/tasks.o
                              0x13a13 (size before relaxing)
 .debug_str     0x00025918     0xfebe ./output/list.o
 .debug_str     0x00025918    0x12b7b ./output/queue.o
 .debug_str     0x00025918    0x12f0a ./output/timers.o
 .debug_str     0x00025918    0x119dc ./output/heap_4.o
 .debug_str     0x00025918     0xecf0 ./output/port.o
 .debug_str     0x00025918    0x126c4 ./output/IntQueue.o
 .debug_str     0x00025918    0x178e6 ./output/IntQueueTimer.o
 .debug_str     0x00025918    0x148d2 ./output/main.o
 .debug_str     0x00025918     0x73c6 ./output/startup_gcc.o
 .debug_str     0x00025918     0x30bc ./output/printf-stdarg.o
 .debug_str     0x00025918      0x1ff /usr/lib/gcc/arm-none-eabi/13.2.1/../../../arm-none-eabi/lib/thumb/v7-m/nofp/libm.a(libm_a-s_sin.o)
 .debug_str     0x00025918      0x2b1 /usr/lib/gcc/arm-none-eabi/13.2.1/../../../arm-none-eabi/lib/thumb/v7-m/nofp/libm.a(libm_a-e_rem_pio2.o)
 .debug_str     0x00025918      0x24e /usr/lib/gcc/arm-none-eabi/13.2.1/../../../arm-none-eabi/lib/thumb/v7-m/nofp/libm.a(libm_a-k_rem_pio2.o)
 .debug_str     0x00025918      0x222 /usr/lib/gcc/arm-none-eabi/13.2.1/../../../arm-none-eabi/lib/thumb/v7-m/nofp/libm.a(libm_a-s_scalbn.o)
 .debug_str     0x00025918      0x20b /usr/lib/gcc/arm-none-eabi/13.2.1/../../../arm-none-eabi/lib/thumb/v7-m/nofp/libm.a(libm_a-k_sin.o)
 .debug_str     0x00025918      0x1fa /usr/lib/gcc/arm-none-eabi/13.2.1/../../../arm-none-eabi/lib/thumb/v7-m/nofp/libm.a(libm_a-s_floor.o)
 .debug_str     0x00025918      0x20b /usr/lib/gcc/arm-none-eabi/13.2.1/../../../arm-none-eabi/lib/thumb/v7-m/nofp/libm.a(libm_a-k_cos.o)
 .debug_str     0x00025918      0x1cb /usr/lib/gcc/arm-none-eabi/13.2.1/../../../arm-none-eabi/lib/thumb/v7-m/nofp/libm.a(libm_a-s_fabs.o)
 .debug_str     0x00025918      0x150 /usr/lib/gcc/arm-none-eabi/13.2.1/thumb/v7-m/nofp/libgcc.a(_arm_addsubdf3.o)
 .debug_str     0x00025918       0xd0 /usr/lib/gcc/arm-none-eabi/13.2.1/thumb/v7-m/nofp/libgcc.a(_arm_muldivdf3.o)
 .debug_str     0x00025918      0x159 /usr/lib/gcc/arm-none-eabi/13.2.1/thumb/v7-m/nofp/libgcc.a(_arm_cmpdf2.o)
 .debug_str     0x00025918       0xbb /usr/lib/gcc/arm-none-eabi/13.2.1/thumb/v7-m/nofp/libgcc.a(_arm_fixdfsi.o)
 .debug_str     0x00025918       0xbf /usr/lib/gcc/arm-none-eabi/13.2.1/thumb/v7-m/nofp/libgcc.a(_arm_fixunsdfsi.o)
 .debug_str     0x00025918      0x4b4 /usr/lib/gcc/arm-none-eabi/13.2.1/../../../arm-none-eabi/lib/thumb/v7-m/nofp/libg_nano.a(libc_a-impure.o)
 .debug_str     0x00025918      0x1a5 /usr/lib/gcc/arm-none-eabi/13.2.1/../../../arm-none-eabi/lib/thumb/v7-m/nofp/libg_nano.a(libc_a-memset.o)
 .debug_str     0x00025918      0x53b /usr/lib/gcc/arm-none-eabi/13.2.1/../../../arm-none-eabi/lib/thumb/v7-m/nofp/libg_nano.a(libc_a-fflush.o)
 .debug_str     0x00025918      0x534 /usr/lib/gcc/arm-none-eabi/13.2.1/../../../arm-none-eabi/lib/thumb/v7-m/nofp/libg_nano.a(libc_a-freer.o)
 .debug_str     0x00025918      0x4c4 /usr/lib/gcc/arm-none-eabi/13.2.1/../../../arm-none-eabi/lib/thumb/v7-m/nofp/libg_nano.a(libc_a-fwalk.o)
 .debug_str     0x00025918       0xa8 /usr/lib/gcc/arm-none-eabi/13.2.1/../../../arm-none-eabi/lib/thumb/v7-m/nofp/libg_nano.a(libc_a-memcpy.o)
 .debug_str     0x00025918      0x4d2 /usr/lib/gcc/arm-none-eabi/13.2.1/../../../arm-none-eabi/lib/thumb/v7-m/nofp/libg_nano.a(libc_a-mlock.o)
 .debug_str     0x00025918      0x6b7 /usr/lib/gcc/arm-none-eabi/13.2.1/../../../arm-none-eabi/lib/thumb/v7-m/nofp/libg_nano.a(libc_a-findfp.o)
 .debug_str     0x00025918      0x595 /usr/lib/gcc/arm-none-eabi/13.2.1/../../../arm-none-eabi/lib/thumb/v7-m/nofp/libg_nano.a(libc_a-mallocr.o)
 .debug_str     0x00025918      0x4bd /usr/lib/gcc/arm-none-eabi/13.2.1/../../../arm-none-eabi/lib/thumb/v7-m/nofp/libg_nano.a(libc_a-sbrkr.o)
 .debug_str     0x00025918      0x521 /usr/lib/gcc/arm-none-eabi/13.2.1/../../../arm-none-eabi/lib/thumb/v7-m/nofp/libg_nano.a(libc_a-stdio.o)
 .debug_str     0x00025918      0x4aa /usr/lib/gcc/arm-none-eabi/13.2.1/../../../arm-none-eabi/lib/thumb/v7-m/nofp/libg_nano.a(libc_a-closer.o)
 .debug_str     0x00025918      0x4b8 /usr/lib/gcc/arm-none-eabi/13.2.1/../../../arm-none-eabi/lib/thumb/v7-m/nofp/libg_nano.a(libc_a-readr.o)
 .debug_str     0x00025918      0x4d3 /usr/lib/gcc/arm-none-eabi/13.2.1/../../../arm-none-eabi/lib/thumb/v7-m/nofp/libg_nano.a(libc_a-reent.o)
 .debug_str     0x00025918      0x4b8 /usr/lib/gcc/arm-none-eabi/13.2.1/../../../arm-none-eabi/lib/thumb/v7-m/nofp/libg_nano.a(libc_a-lseekr.o)
 .debug_str     0x00025918      0x4ba /usr/lib/gcc/arm-none-eabi/13.2.1/../../../arm-none-eabi/lib/thumb/v7-m/nofp/libg_nano.a(libc_a-writer.o)
 .debug_str     0x00025918      0x190 /usr/lib/gcc/arm-none-eabi/13.2.1/../../../arm-none-eabi/lib/thumb/v7-m/nofp/libnosys.a(close.o)
 .debug_str     0x00025918      0x18e /usr/lib/gcc/arm-none-eabi/13.2.1/../../../arm-none-eabi/lib/thumb/v7-m/nofp/libnosys.a(lseek.o)
 .debug_str     0x00025918      0x18b /usr/lib/gcc/arm-none-eabi/13.2.1/../../../arm-none-eabi/lib/thumb/v7-m/nofp/libnosys.a(read.o)
 .debug_str     0x00025918      0x115 /usr/lib/gcc/arm-none-eabi/13.2.1/../../../arm-none-eabi/lib/thumb/v7-m/nofp/libnosys.a(sbrk.o)
 .debug_str     0x00025918      0x18e /usr/lib/gcc/arm-none-eabi/13.2.1/../../../arm-none-eabi/lib/thumb/v7-m/nofp/libnosys.a(write.o)

.comment        0x00000000       0x26
 .comment       0x00000000       0x26 ./output/tasks.o
                                 0x27 (size before relaxing)
 .comment       0x00000026       0x27 ./output/list.o
 .comment       0x00000026       0x27 ./output/queue.o
 .comment       0x00000026       0x27 ./output/timers.o
 .comment       0x00000026       0x27 ./output/heap_4.o
 .comment       0x00000026       0x27 ./output/port.o
 .comment       0x00000026       0x27 ./output/IntQueue.o
 .comment       0x00000026       0x27 ./output/IntQueueTimer.o
 .comment       0x00000026       0x27 ./output/main.o
 .comment       0x00000026       0x27 ./output/startup_gcc.o
 .comment       0x00000026       0x27 ./output/printf-stdarg.o
 .comment       0x00000026       0x27 /usr/lib/gcc/arm-none-eabi/13.2.1/../../../arm-none-eabi/lib/thumb/v7-m/nofp/libm.a(libm_a-s_sin.o)
 .comment       0x00000026       0x27 /usr/lib/gcc/arm-none-eabi/13.2.1/../../../arm-none-eabi/lib/thumb/v7-m/nofp/libm.a(libm_a-e_rem_pio2.o)
 .comment       0x00000026       0x27 /usr/lib/gcc/arm-none-eabi/13.2.1/../../../arm-none-eabi/lib/thumb/v7-m/nofp/libm.a(libm_a-k_rem_pio2.o)
 .comment       0x00000026       0x27 /usr/lib/gcc/arm-none-eabi/13.2.1/../../../arm-none-eabi/lib/thumb/v7-m/nofp/libm.a(libm_a-s_scalbn.o)
 .comment       0x00000026       0x27 /usr/lib/gcc/arm-none-eabi/13.2.1/../../../arm-none-eabi/lib/thumb/v7-m/nofp/libm.a(libm_a-k_sin.o)
 .comment       0x00000026       0x27 /usr/lib/gcc/arm-none-eabi/13.2.1/../../../arm-none-eabi/lib/thumb/v7-m/nofp/libm.a(libm_a-s_floor.o)
 .comment       0x00000026       0x27 /usr/lib/gcc/arm-none-eabi/13.2.1/../../../arm-none-eabi/lib/thumb/v7-m/nofp/libm.a(libm_a-k_cos.o)
 .comment       0x00000026       0x27 /usr/lib/gcc/arm-none-eabi/13.2.1/../../../arm-none-eabi/lib/thumb/v7-m/nofp/libm.a(libm_a-s_fabs.o)
 .comment       0x00000026       0x27 /usr/lib/gcc/arm-none-eabi/13.2.1/../../../arm-none-eabi/lib/thumb/v7-m/nofp/libg_nano.a(libc_a-impure.o)
 .comment       0x00000026       0x27 /usr/lib/gcc/arm-none-eabi/13.2.1/../../../arm-none-eabi/lib/thumb/v7-m/nofp/libg_nano.a(libc_a-memset.o)
 .comment       0x00000026       0x27 /usr/lib/gcc/arm-none-eabi/13.2.1/../../../arm-none-eabi/lib/thumb/v7-m/nofp/libg_nano.a(libc_a-fflush.o)
 .comment       0x00000026       0x27 /usr/lib/gcc/arm-none-eabi/13.2.1/../../../arm-none-eabi/lib/thumb/v7-m/nofp/libg_nano.a(libc_a-freer.o)
 .comment       0x00000026       0x27 /usr/lib/gcc/arm-none-eabi/13.2.1/../../../arm-none-eabi/lib/thumb/v7-m/nofp/libg_nano.a(libc_a-fwalk.o)
 .comment       0x00000026       0x27 /usr/lib/gcc/arm-none-eabi/13.2.1/../../../arm-none-eabi/lib/thumb/v7-m/nofp/libg_nano.a(libc_a-mlock.o)
 .comment       0x00000026       0x27 /usr/lib/gcc/arm-none-eabi/13.2.1/../../../arm-none-eabi/lib/thumb/v7-m/nofp/libg_nano.a(libc_a-findfp.o)
 .comment       0x00000026       0x27 /usr/lib/gcc/arm-none-eabi/13.2.1/../../../arm-none-eabi/lib/thumb/v7-m/nofp/libg_nano.a(libc_a-mallocr.o)
 .comment       0x00000026       0x27 /usr/lib/gcc/arm-none-eabi/13.2.1/../../../arm-none-eabi/lib/thumb/v7-m/nofp/libg_nano.a(libc_a-sbrkr.o)
 .comment       0x00000026       0x27 /usr/lib/gcc/arm-none-eabi/13.2.1/../../../arm-none-eabi/lib/thumb/v7-m/nofp/libg_nano.a(libc_a-stdio.o)
 .comment       0x00000026       0x27 /usr/lib/gcc/arm-none-eabi/13.2.1/../../../arm-none-eabi/lib/thumb/v7-m/nofp/libg_nano.a(libc_a-closer.o)
 .comment       0x00000026       0x27 /usr/lib/gcc/arm-none-eabi/13.2.1/../../../arm-none-eabi/lib/thumb/v7-m/nofp/libg_nano.a(libc_a-readr.o)
 .comment       0x00000026       0x27 /usr/lib/gcc/arm-none-eabi/13.2.1/../../../arm-none-eabi/lib/thumb/v7-m/nofp/libg_nano.a(libc_a-reent.o)
 .comment       0x00000026       0x27 /usr/lib/gcc/arm-none-eabi/13.2.1/../../../arm-none-eabi/lib/thumb/v7-m/nofp/libg_nano.a(libc_a-lseekr.o)
 .comment       0x00000026       0x27 /usr/lib/gcc/arm-none-eabi/13.2.1/../../../arm-none-eabi/lib/thumb/v7-m/nofp/libg_nano.a(libc_a-writer.o)
 .comment       0x00000026       0x27 /usr/lib/gcc/arm-none-eabi/13.2.1/../../../arm-none-eabi/lib/thumb/v7-m/nofp/libnosys.a(close.o)
 .comment       0x00000026       0x27 /usr/lib/gcc/arm-none-eabi/13.2.1/../../../arm-none-eabi/lib/thumb/v7-m/nofp/libnosys.a(lseek.o)
 .comment       0x00000026       0x27 /usr/lib/gcc/arm-none-eabi/13.2.1/../../../arm-none-eabi/lib/thumb/v7-m/nofp/libnosys.a(read.o)
 .comment       0x00000026       0x27 /usr/lib/gcc/arm-none-eabi/13.2.1/../../../arm-none-eabi/lib/thumb/v7-m/nofp/libnosys.a(sbrk.o)
 .comment       0x00000026       0x27 /usr/lib/gcc/arm-none-eabi/13.2.1/../../../arm-none-eabi/lib/thumb/v7-m/nofp/libnosys.a(write.o)

.ARM.attributes
                0x00000000       0x2b
 .ARM.attributes
                0x00000000       0x2d ./output/tasks.o
 .ARM.attributes
                0x0000002d       0x2d ./output/list.o
 .ARM.attributes
                0x0000005a       0x2d ./output/queue.o
 .ARM.attributes
                0x00000087       0x2d ./output/timers.o
 .ARM.attributes
                0x000000b4       0x2d ./output/heap_4.o
 .ARM.attributes
                0x000000e1       0x2d ./output/port.o
 .ARM.attributes
                0x0000010e       0x2d ./output/IntQueue.o
 .ARM.attributes
                0x0000013b       0x2d ./output/IntQueueTimer.o
 .ARM.attributes
                0x00000168       0x2d ./output/main.o
 .ARM.attributes
                0x00000195       0x2d ./output/startup_gcc.o
 .ARM.attributes
                0x000001c2       0x2d ./output/printf-stdarg.o
 .ARM.attributes
                0x000001ef       0x2d /usr/lib/gcc/arm-none-eabi/13.2.1/../../../arm-none-eabi/lib/thumb/v7-m/nofp/libm.a(libm_a-s_sin.o)
 .ARM.attributes
                0x0000021c       0x2d /usr/lib/gcc/arm-none-eabi/13.2.1/../../../arm-none-eabi/lib/thumb/v7-m/nofp/libm.a(libm_a-e_rem_pio2.o)
 .ARM.attributes
                0x00000249       0x2d /usr/lib/gcc/arm-none-eabi/13.2.1/../../../arm-none-eabi/lib/thumb/v7-m/nofp/libm.a(libm_a-k_rem_pio2.o)
 .ARM.attributes
                0x00000276       0x2d /usr/lib/gcc/arm-none-eabi/13.2.1/../../../arm-none-eabi/lib/thumb/v7-m/nofp/libm.a(libm_a-s_scalbn.o)
 .ARM.attributes
                0x000002a3       0x2d /usr/lib/gcc/arm-none-eabi/13.2.1/../../../arm-none-eabi/lib/thumb/v7-m/nofp/libm.a(libm_a-k_sin.o)
 .ARM.attributes
                0x000002d0       0x2d /usr/lib/gcc/arm-none-eabi/13.2.1/../../../arm-none-eabi/lib/thumb/v7-m/nofp/libm.a(libm_a-s_floor.o)
 .ARM.attributes
                0x000002fd       0x2d /usr/lib/gcc/arm-none-eabi/13.2.1/../../../arm-none-eabi/lib/thumb/v7-m/nofp/libm.a(libm_a-k_cos.o)
 .ARM.attributes
                0x0000032a       0x2d /usr/lib/gcc/arm-none-eabi/13.2.1/../../../arm-none-eabi/lib/thumb/v7-m/nofp/libm.a(libm_a-s_fabs.o)
 .ARM.attributes
                0x00000357       0x1d /usr/lib/gcc/arm-none-eabi/13.2.1/thumb/v7-m/nofp/libgcc.a(_arm_addsubdf3.o)
 .ARM.attributes
                0x00000374       0x1d /usr/lib/gcc/arm-none-eabi/13.2.1/thumb/v7-m/nofp/libgcc.a(_arm_muldivdf3.o)
 .ARM.attributes
                0x00000391       0x1d /usr/lib/gcc/arm-none-eabi/13.2.1/thumb/v7-m/nofp/libgcc.a(_arm_cmpdf2.o)
 .ARM.attributes
                0x000003ae       0x1d /usr/lib/gcc/arm-none-eabi/13.2.1/thumb/v7-m/nofp/libgcc.a(_arm_fixdfsi.o)
 .ARM.attributes
                0x000003cb       0x1d /usr/lib/gcc/arm-none-eabi/13.2.1/thumb/v7-m/nofp/libgcc.a(_arm_fixunsdfsi.o)
 .ARM.attributes
                0x000003e8       0x2d /usr/lib/gcc/arm-none-eabi/13.2.1/../../../arm-none-eabi/lib/thumb/v7-m/nofp/libg_nano.a(libc_a-impure.o)
 .ARM.attributes
                0x00000415       0x2d /usr/lib/gcc/arm-none-eabi/13.2.1/../../../arm-none-eabi/lib/thumb/v7-m/nofp/libg_nano.a(libc_a-memset.o)
 .ARM.attributes
                0x00000442       0x2d /usr/lib/gcc/arm-none-eabi/13.2.1/../../../arm-none-eabi/lib/thumb/v7-m/nofp/libg_nano.a(libc_a-fflush.o)
 .ARM.attributes
                0x0000046f       0x2d /usr/lib/gcc/arm-none-eabi/13.2.1/../../../arm-none-eabi/lib/thumb/v7-m/nofp/libg_nano.a(libc_a-freer.o)
 .ARM.attributes
                0x0000049c       0x2d /usr/lib/gcc/arm-none-eabi/13.2.1/../../../arm-none-eabi/lib/thumb/v7-m/nofp/libg_nano.a(libc_a-fwalk.o)
 .ARM.attributes
                0x000004c9       0x1b /usr/lib/gcc/arm-none-eabi/13.2.1/../../../arm-none-eabi/lib/thumb/v7-m/nofp/libg_nano.a(libc_a-memcpy.o)
 .ARM.attributes
                0x000004e4       0x2d /usr/lib/gcc/arm-none-eabi/13.2.1/../../../arm-none-eabi/lib/thumb/v7-m/nofp/libg_nano.a(libc_a-mlock.o)
 .ARM.attributes
                0x00000511       0x2d /usr/lib/gcc/arm-none-eabi/13.2.1/../../../arm-none-eabi/lib/thumb/v7-m/nofp/libg_nano.a(libc_a-findfp.o)
 .ARM.attributes
                0x0000053e       0x2d /usr/lib/gcc/arm-none-eabi/13.2.1/../../../arm-none-eabi/lib/thumb/v7-m/nofp/libg_nano.a(libc_a-mallocr.o)
 .ARM.attributes
                0x0000056b       0x2d /usr/lib/gcc/arm-none-eabi/13.2.1/../../../arm-none-eabi/lib/thumb/v7-m/nofp/libg_nano.a(libc_a-sbrkr.o)
 .ARM.attributes
                0x00000598       0x2d /usr/lib/gcc/arm-none-eabi/13.2.1/../../../arm-none-eabi/lib/thumb/v7-m/nofp/libg_nano.a(libc_a-stdio.o)
 .ARM.attributes
                0x000005c5       0x2d /usr/lib/gcc/arm-none-eabi/13.2.1/../../../arm-none-eabi/lib/thumb/v7-m/nofp/libg_nano.a(libc_a-closer.o)
 .ARM.attributes
                0x000005f2       0x2d /usr/lib/gcc/arm-none-eabi/13.2.1/../../../arm-none-eabi/lib/thumb/v7-m/nofp/libg_nano.a(libc_a-readr.o)
 .ARM.attributes
                0x0000061f       0x2d /usr/lib/gcc/arm-none-eabi/13.2.1/../../../arm-none-eabi/lib/thumb/v7-m/nofp/libg_nano.a(libc_a-reent.o)
 .ARM.attributes
                0x0000064c       0x2d /usr/lib/gcc/arm-none-eabi/13.2.1/../../../arm-none-eabi/lib/thumb/v7-m/nofp/libg_nano.a(libc_a-lseekr.o)
 .ARM.attributes
                0x00000679       0x2d /usr/lib/gcc/arm-none-eabi/13.2.1/../../../arm-none-eabi/lib/thumb/v7-m/nofp/libg_nano.a(libc_a-writer.o)
 .ARM.attributes
                0x000006a6       0x2d /usr/lib/gcc/arm-none-eabi/13.2.1/../../../arm-none-eabi/lib/thumb/v7-m/nofp/libnosys.a(close.o)
 .ARM.attributes
                0x000006d3       0x2d /usr/lib/gcc/arm-none-eabi/13.2.1/../../../arm-none-eabi/lib/thumb/v7-m/nofp/libnosys.a(lseek.o)
 .ARM.attributes
                0x00000700       0x2d /usr/lib/gcc/arm-none-eabi/13.2.1/../../../arm-none-eabi/lib/thumb/v7-m/nofp/libnosys.a(read.o)
 .ARM.attributes
                0x0000072d       0x2d /usr/lib/gcc/arm-none-eabi/13.2.1/../../../arm-none-eabi/lib/thumb/v7-m/nofp/libnosys.a(sbrk.o)
 .ARM.attributes
                0x0000075a       0x2d /usr/lib/gcc/arm-none-eabi/13.2.1/../../../arm-none-eabi/lib/thumb/v7-m/nofp/libnosys.a(write.o)

.debug_frame    0x00000000     0x1f24
 .debug_frame   0x00000000      0x760 ./output/tasks.o
 .debug_frame   0x00000760       0x6c ./output/list.o
 .debug_frame   0x000007cc      0x4c4 ./output/queue.o
 .debug_frame   0x00000c90      0x300 ./output/timers.o